BL51 BANKED LINKER/LOCATER V6.22                                                        07/03/2017  18:41:28  PAGE 1


BL51 BANKED LINKER/LOCATER V6.22, INVOKED BY:
C:\KEIL4\C51\BIN\BL51.EXE COMMON {.\Obj\Common.obj}, COMMON {.\Obj\isr.obj}, COMMON {.\Obj\ms_rwreg.obj}, COMMON {.\Obj\
>> STARTUP.obj}, COMMON {.\Obj\L51_MST.obj}, COMMON {.\Obj\NVRam.obj}, COMMON {.\Obj\hwi2c.obj}, COMMON {.\Obj\I2c.obj},
>>  COMMON {.\Obj\swi2c_debug.obj}, COMMON {.\Obj\msAPI_DaisyChain.obj}, BANK0 {.\Obj\Global.obj}, BANK0 {.\Obj\Keypad.o
>> bj}, BANK0 {.\Obj\main.obj}, BANK0 {.\Obj\mcu.obj}, BANK0 {.\Obj\Debug.obj}, BANK0 {.\Obj\misc.obj}, BANK0 {.\Obj\mdr
>> v_mhl.obj}, BANK0 {.\Obj\mhal_mhl.obj}, BANK0 {.\Obj\drvmStar.obj}, BANK0 {.\Obj\drvADC.obj}, BANK0 {.\Obj\halMBX.obj
>> }, BANK0 {.\Obj\halMBXINT.obj}, BANK0 {.\Obj\drvMBX.obj}, BANK0 {.\Obj\drvMBXMsgPool.obj}, BANK0 {.\Obj\msAPI_MailBox
>> .obj}, BANK0 {.\Obj\drvGPIO.obj}, BANK0 {.\Obj\Buzzer.obj}, BANK0 {.\Obj\mapi_mhl.obj}, BANK0 {.\Obj\mapi_tmds.obj}, 
>> BANK0 {.\Obj\mapi_combo.obj}, BANK0 {.\Obj\MsIR.obj}, BANK0 {.\Obj\IrFunc.obj}, BANK0 {.\Obj\drvPM.obj} TO .\Obj\TSUM
>>  BANKAREA (0X0000, 0XFFFF) PRINT (.\List\TSUM.m51) RAMSIZE (256) XDATA (0X5000-0X5FFF)


MEMORY MODEL: SMALL


INPUT MODULES INCLUDED:
  .\Obj\Common.obj (COMMON)
  .\Obj\isr.obj (ISR)
  .\Obj\ms_rwreg.obj (MS_RWREG)
  .\Obj\STARTUP.obj (?C_STARTUP)
  .\Obj\L51_MST.obj (?BANK?SWITCHING)
  .\Obj\NVRam.obj (NVRAM)
  .\Obj\hwi2c.obj (HWI2C)
  .\Obj\I2c.obj (I2C)
  .\Obj\swi2c_debug.obj (SWI2C_DEBUG)
  .\Obj\msAPI_DaisyChain.obj (MSAPI_DAISYCHAIN)
  .\Obj\Global.obj (GLOBAL)
  .\Obj\Keypad.obj (KEYPAD)
  .\Obj\main.obj (MAIN)
  .\Obj\mcu.obj (MCU)
  .\Obj\Debug.obj (DEBUG)
  .\Obj\misc.obj (MISC)
  .\Obj\mdrv_mhl.obj (MDRV_MHL)
  .\Obj\mhal_mhl.obj (MHAL_MHL)
  .\Obj\drvmStar.obj (DRVMSTAR)
  .\Obj\drvADC.obj (DRVADC)
  .\Obj\halMBX.obj (HALMBX)
  .\Obj\halMBXINT.obj (HALMBXINT)
  .\Obj\drvMBX.obj (DRVMBX)
  .\Obj\drvMBXMsgPool.obj (DRVMBXMSGPOOL)
  .\Obj\msAPI_MailBox.obj (MSAPI_MAILBOX)
  .\Obj\drvGPIO.obj (DRVGPIO)
  .\Obj\Buzzer.obj (BUZZER)
  .\Obj\mapi_mhl.obj (MAPI_MHL)
  .\Obj\mapi_tmds.obj (MAPI_TMDS)
  .\Obj\mapi_combo.obj (MAPI_COMBO)
  .\Obj\MsIR.obj (MSIR)
  .\Obj\IrFunc.obj (IRFUNC)
  .\Obj\drvPM.obj (DRVPM)
  C:\KEIL4\C51\LIB\C51S.LIB (?C_INIT)
  C:\KEIL4\C51\LIB\C51S.LIB (?C?CLDPTR)
  C:\KEIL4\C51\LIB\C51S.LIB (?C?CLDOPTR)
  C:\KEIL4\C51\LIB\C51S.LIB (?C?CSTPTR)
  C:\KEIL4\C51\LIB\C51S.LIB (?C?CSTOPTR)
  C:\KEIL4\C51\LIB\C51S.LIB (?C?IMUL)
  C:\KEIL4\C51\LIB\C51S.LIB (?C?UIDIV)
  C:\KEIL4\C51\LIB\C51S.LIB (?C?IILDX)
  C:\KEIL4\C51\LIB\C51S.LIB (?C?LMUL)
BL51 BANKED LINKER/LOCATER V6.22                                                      07/03/2017  18:41:28  PAGE 2


  C:\KEIL4\C51\LIB\C51S.LIB (?C?ULDIV)
  C:\KEIL4\C51\LIB\C51S.LIB (?C?ULCMP)
  C:\KEIL4\C51\LIB\C51S.LIB (?C?ULSHR)
  C:\KEIL4\C51\LIB\C51S.LIB (?C?LSHL)
  C:\KEIL4\C51\LIB\C51S.LIB (?C?LLDIDATA)
  C:\KEIL4\C51\LIB\C51S.LIB (?C?LLDCODE)
  C:\KEIL4\C51\LIB\C51S.LIB (?C?LLDIDATA0)
  C:\KEIL4\C51\LIB\C51S.LIB (?C?LSTIDATA)
  C:\KEIL4\C51\LIB\C51S.LIB (?C?LSTXDATA)
  C:\KEIL4\C51\LIB\C51S.LIB (?C?LSTKIDATA)
  C:\KEIL4\C51\LIB\C51S.LIB (?C?LSTKXDATA)
  C:\KEIL4\C51\LIB\C51S.LIB (?C_XBP)
  C:\KEIL4\C51\LIB\C51S.LIB (ABS)


LINK MAP OF MODULE:  .\Obj\TSUM (COMMON)


            TYPE    BASE      LENGTH    RELOCATION   SEGMENT NAME
            -----------------------------------------------------

            * * * * * * *   D A T A   M E M O R Y   * * * * * * *
            REG     0000H     0008H     ABSOLUTE     "REG BANK 0"
            DATA    0008H     0007H     UNIT         ?DT?GLOBAL
            DATA    000FH     0005H     UNIT         ?DT?MHAL_MHL
            DATA    0014H     0003H     UNIT         ?DT?_MHAL_MHL_PMSTATEPOLLING?MHAL_MHL
            DATA    0017H     0002H     UNIT         ?DT?_MDRV_MHL_CBUSWAKEUPDETECT?MDRV_MHL
            DATA    0019H     0002H     UNIT         ?DT?__MHAL_MHL_SETCABLEDETECT?MHAL_MHL
            DATA    001BH     0002H     UNIT         ?DT?_MHAL_MHL_CBUSCONNECTSTATUS?MHAL_MHL
            DATA    001DH     0002H     UNIT         ?DT?_MHAL_MHL_SETPOWERSTATUS?MHAL_MHL
            DATA    001FH     0001H     UNIT         ?BANK?DATA
            BIT     0020H.0   0001H.3   UNIT         ?BI?GLOBAL
            BIT     0021H.3   0000H.1   UNIT         ?BI?MAIN
                    0021H.4   0000H.4                *** GAP ***
            DATA    0022H     004EH     UNIT         _DATA_GROUP_
            DATA    0070H     0002H     UNIT         ?DT?DRVPM
            DATA    0072H     0002H     UNIT         ?C?LIB_DATA
            DATA    0074H     0001H     UNIT         ?DT?I2C
            DATA    0075H     0001H     UNIT         ?DT?MDRV_MHL
            DATA    0076H     0001H     UNIT         ?DT?__MHAL_MHL_CBUSPADENABLE?MHAL_MHL
            DATA    0077H     0001H     UNIT         ?DT?__MHAL_MHL_SETVBUSCHARGE?MHAL_MHL
            DATA    0078H     0001H     UNIT         ?DT?__MHAL_MHL_SETCBUSPULLUP1K?MHAL_MHL
            DATA    0079H     0001H     UNIT         ?DT?__MHAL_MHL_SETPADPULLUP1K?MHAL_MHL
            DATA    007AH     0001H     UNIT         ?DT?_MHAL_MHL_COMBORTERMCONTROL?MHAL_MHL
            DATA    007BH     0001H     UNIT         ?DT?_MHAL_MHL_RTERMCONTROLHWMODE?MHAL_MHL
            IDATA   007CH     0006H     UNIT         _IDATA_GROUP_
            IDATA   0082H     0002H     UNIT         ?ID?MS_RWREG
            IDATA   0084H     0001H     UNIT         ?ID?GLOBAL
            IDATA   0085H     0001H     UNIT         ?STACK

            * * * * * * *  X D A T A   M E M O R Y  * * * * * * *
                    0000H     4FFCH                  *** GAP ***
            XDATA   4FFCH     0004H     ABSOLUTE     
            XDATA   5000H     0045H     UNIT         ?XD?GLOBAL
            XDATA   5045H     0022H     UNIT         _XDATA_GROUP_
            XDATA   5067H     001FH     UNIT         ?XD?DRVPM
            XDATA   5086H     0010H     UNIT         ?XD?DEBUG
BL51 BANKED LINKER/LOCATER V6.22                                                      07/03/2017  18:41:28  PAGE 3


            XDATA   5096H     000EH     UNIT         ?XD?MCU
            XDATA   50A4H     000AH     UNIT         ?XD?MAPI_COMBO
            XDATA   50AEH     0004H     UNIT         ?XD?KEYPAD
            XDATA   50B2H     0004H     UNIT         ?XD?DRVGPIO
            XDATA   50B6H     0001H     UNIT         ?XD?MISC
                    50B7H     0EC9H                  *** GAP ***
            XDATA   5F80H     0001H     ABSOLUTE     
                    5F81H     607FH                  *** GAP ***
            XDATA   C000H     1000H     ABSOLUTE     

            * * * * * * *   C O D E   M E M O R Y   * * * * * * *
            CODE    0000H     0003H     ABSOLUTE     
            CODE    0003H     0003H     ABSOLUTE     
            CODE    0006H     0001H     UNIT         ?PR?EXT3INTERRUPT?ISR
            CODE    0007H     0001H     UNIT         ?PR?EXT2INTERRUPT?ISR
            CODE    0008H     0001H     UNIT         ?CO?DEBUG
                    0009H     0002H                  *** GAP ***
            CODE    000BH     0003H     ABSOLUTE     
                    000EH     0005H                  *** GAP ***
            CODE    0013H     0003H     ABSOLUTE     
                    0016H     0005H                  *** GAP ***
            CODE    001BH     0003H     ABSOLUTE     
                    001EH     0005H                  *** GAP ***
            CODE    0023H     0003H     ABSOLUTE     
            CODE    0026H     0025H     UNIT         ?PR?_FORCEDELAYNVRAM?I2C
            CODE    004BH     0003H     ABSOLUTE     
                    004EH     0005H                  *** GAP ***
            CODE    0053H     0003H     ABSOLUTE     
            CODE    0056H     0C9FH     UNIT         ?CO?DRVADC
            CODE    0CF5H     02D6H     UNIT         ?C?LIB_CODE
            CODE    0FCBH     0121H     UNIT         ?CO?MAPI_COMBO
            CODE    10ECH     011DH     UNIT         ?PR?_I2C_WRITETBL?I2C
            CODE    1209H     00D3H     UNIT         ?PR?TIME0INTERRUPT?ISR
            CODE    12DCH     00B0H     UNIT         ?C_C51STARTUP
            CODE    138CH     00ABH     INBLOCK      ?BANK?SELECT
            CODE    1437H     009EH     UNIT         ?C_INITSEG
            CODE    14D5H     008CH     UNIT         ?CO?DRVPM
            CODE    1561H     0087H     UNIT         ?PR?_I2C_SENDBYTE?I2C
            CODE    15E8H     0085H     UNIT         ?PR?_MSWRITEBIT?MS_RWREG
            CODE    166DH     0081H     UNIT         ?PR?_I2C_RECEIVEBYTE?I2C
            CODE    16EEH     007EH     UNIT         ?PR?_MSWRITEBYTEMASK?MS_RWREG
            CODE    176CH     0075H     UNIT         ?PR?_MSWRITE4BYTE?MS_RWREG
            CODE    17E1H     0017H     UNIT         ?PR?_MEM_MSREAD_BYTE?MS_RWREG
                    17F8H     0008H                  *** GAP ***
            CODE    1800H     007BH     PAGE         ?BANK?SWITCH
            CODE    187BH     006DH     UNIT         ?PR?MS_RWREG
            CODE    18E8H     0065H     UNIT         ?PR?_I2C_READTBL?I2C
            CODE    194DH     005EH     UNIT         ?PR?EXT1INTERRUPT?ISR
            CODE    19ABH     005DH     UNIT         ?PR?_I2C_MASTERSTART?I2C
            CODE    1A08H     005CH     UNIT         ?PR?SERIALPORTINTERRUPT?ISR
            CODE    1A64H     0056H     UNIT         ?PR?I2C_START?I2C
            CODE    1ABAH     0056H     UNIT         ?PR?I2C_INTIAL?I2C
            CODE    1B10H     0051H     UNIT         ?PR?EXT0INTERRUPT?ISR
            CODE    1B61H     004EH     UNIT         ?PR?_MSREADBYTE?MS_RWREG
            CODE    1BAFH     004CH     UNIT         ?PR?_MSWRITE3BYTE?MS_RWREG
            CODE    1BFBH     0044H     UNIT         ?PR?I2C
            CODE    1C3FH     003FH     UNIT         ?PR?_MSWRITEBYTE?MS_RWREG
BL51 BANKED LINKER/LOCATER V6.22                                                      07/03/2017  18:41:28  PAGE 4


            CODE    1C7EH     003DH     UNIT         ?PR?_I2C_BURSTREAD?I2C
            CODE    1CBBH     003BH     UNIT         ?PR?TIME1INTERRUPT?ISR
            CODE    1CF6H     0037H     UNIT         ?PR?I2C_START1?I2C
            CODE    1D2DH     0036H     UNIT         ?PR?I2C_STOP?I2C
            CODE    1D63H     0034H     UNIT         ?PR?_NVRAM_WRITETBL?NVRAM
            CODE    1D97H     0032H     UNIT         ?PR?_NVRAM_WRITEWORD?NVRAM
            CODE    1DC9H     0032H     UNIT         ?PR?WAIT_I2C_ACK?I2C
            CODE    1DFBH     0030H     UNIT         ?PR?_NVRAM_WRITEBYTE?NVRAM
            CODE    1E2BH     002EH     UNIT         ?PR?_MSREAD2BYTE?MS_RWREG
            CODE    1E59H     002DH     UNIT         ?PR?_MSWRITE2BYTEMASK?MS_RWREG
            CODE    1E86H     002CH     UNIT         ?PR?_I2C_BURSTWRITE?I2C
            CODE    1EB2H     0026H     UNIT         ?PR?_MSWRITE2BYTE?MS_RWREG
            CODE    1ED8H     0024H     UNIT         ?CO?MCU
            CODE    1EFCH     0017H     UNIT         ?PR?_MEM_MSREAD_BYTE_EXT0?MS_RWREG
            CODE    1F13H     0017H     UNIT         ?PR?_MEM_MSREAD_BYTE_EXT1?MS_RWREG
            CODE    1F2AH     0013H     UNIT         ?PR?ISR
            CODE    1F3DH     000FH     UNIT         ?PR?_NVRAM_READBYTE?NVRAM
            CODE    1F4CH     000FH     UNIT         ?PR?_NVRAM_READTBL?NVRAM
            CODE    1F5BH     000CH     UNIT         ?PR?_ABS?ABS
            CODE    1F67H     000BH     UNIT         ?PR?NVRAM

            * * * * * * *   C O D E   B A N K   0   * * * * * * *
                    0000H     0009H                  *** GAP ***
            BANK0   0009H     0001H     UNIT         ?PR?__MHAL_MHL_OPENCOMMONMODERESISTOR?MHAL_MHL
            BANK0   000AH     0001H     UNIT         ?PR?_MSPM_INTERRUPTENABLE?DRVPM
                    000BH     0003H                  *** GAP ***
            BANK0   000EH     0005H     UNIT         ?PR?_MHAL_MHL_CABLEDETECT?MHAL_MHL
                    0013H     0003H                  *** GAP ***
            BANK0   0016H     0004H     UNIT         ?PR?_MDRV_TMDS_GETDVIDUALMAINPORT?MAPI_TMDS
                    001AH     0004H                  *** GAP ***
            BANK0   001EH     0003H     UNIT         ?PR?_MSOS_DELETEMUTEX?GLOBAL
                    0021H     002DH                  *** GAP ***
            BANK0   004EH     0003H     UNIT         ?PR?MDRV_MHL_TIMERHANDLER?MDRV_MHL
                    0051H     17A7H                  *** GAP ***
            BANK0   17F8H     0008H     UNIT         ?PR?DRVADCNOUSE?DRVADC
                    1800H     0772H                  *** GAP ***
            BANK0   1F72H     0961H     UNIT         ?PR?_MHAL_TMDS_INITIAL?MAPI_TMDS
            BANK0   28D3H     03ADH     UNIT         ?PR?MSPM_SETPMMODE?DRVPM
            BANK0   2C80H     0354H     UNIT         ?PR?MSPM_POWERDOWNMACRO?DRVPM
            BANK0   2FD4H     0300H     UNIT         ?PR?_BDMA_OPERATION?MCU
            BANK0   32D4H     02B5H     UNIT         ?PR?_MSPM_ENABLEIRDETECT?DRVPM
            BANK0   3589H     0291H     UNIT         ?PR?_MHAL_TMDS_LOADHDCPKEY?MAPI_TMDS
            BANK0   381AH     0282H     UNIT         ?PR?_MSDRVSETOFFLINEIPMUX?DRVMSTAR
            BANK0   3A9CH     0201H     UNIT         ?PR?DRVPM
            BANK0   3C9DH     0183H     UNIT         ?PR?_MSPM_ENABLESARDETECT?DRVPM
            BANK0   3E20H     017EH     UNIT         ?PR?_MHAL_MHL_PMSTATEPOLLING?MHAL_MHL
            BANK0   3F9EH     0177H     UNIT         ?PR?_MSPM_ENABLEDVIDETECT?DRVPM
            BANK0   4115H     016EH     UNIT         ?PR?_MSDRVPWMALIGNSYNC?DRVGPIO
            BANK0   4283H     016CH     UNIT         ?PR?_MCUARRANGECODEADDR?MCU
            BANK0   43EFH     0159H     UNIT         ?PR?MSPM_GETPMSTATUS?DRVPM
            BANK0   4548H     014AH     UNIT         ?PR?_MSPM_ENABLEMCCSDETECT?DRVPM
            BANK0   4692H     0142H     UNIT         ?PR?MSPM_POWERUPMACRO?DRVPM
            BANK0   47D4H     0124H     UNIT         ?PR?_MSDRVPWMMASKTRANSFER?DRVGPIO
            BANK0   48F8H     011EH     UNIT         ?PR?KEY_GETKEYPADSTATUS?KEYPAD
            BANK0   4A16H     011AH     UNIT         ?PR?DUMMYCALL?GLOBAL
            BANK0   4B30H     010DH     UNIT         ?PR?MCU
            BANK0   4C3DH     0109H     UNIT         ?PR?_MSDRVPWMFREQ?DRVGPIO
BL51 BANKED LINKER/LOCATER V6.22                                                      07/03/2017  18:41:28  PAGE 5


            BANK0   4D46H     0105H     UNIT         ?PR?MSPM_OUTPUTTRISTATE?DRVPM
            BANK0   4E4BH     0104H     UNIT         ?PR?_MSPM_ENABLEDPDETECT?DRVPM
            BANK0   4F4FH     0102H     UNIT         ?PR?_MSDRVPWMENABLESWITCH?DRVGPIO
            BANK0   5051H     0101H     UNIT         ?PR?MSPM_CHECKDVISYNCACTIVE?DRVPM
            BANK0   5152H     00FEH     UNIT         ?PR?_MHAL_TMDS_LOADKEYVIAEFUSE?MAPI_TMDS
            BANK0   5250H     00F7H     UNIT         ?PR?_MCUDMAPATTERNSEARCH?MCU
            BANK0   5347H     00F5H     UNIT         ?PR?UNCALL_FUNCTION?MAIN
            BANK0   543CH     00E1H     UNIT         ?PR?MSPM_HANDLER?DRVPM
            BANK0   551DH     00DBH     UNIT         ?PR?_MSPM_ENABLEDATARTERM?DRVPM
            BANK0   55F8H     00D9H     UNIT         ?PR?_MSPM_ENABLECLOCKRTERM?DRVPM
            BANK0   56D1H     00CFH     UNIT         ?PR?_MCUSETMCUSPEED?MCU
            BANK0   57A0H     00CAH     UNIT         ?PR?DRVGPIO
            BANK0   586AH     00C2H     UNIT         ?PR?__MHAL_MHL_CBUSPADENABLE?MHAL_MHL
            BANK0   592CH     00C1H     UNIT         ?PR?EXECTESTCOMMAND?DEBUG
            BANK0   59EDH     00C1H     UNIT         ?PR?PROCESSCOMMAND?DEBUG
            BANK0   5AAEH     00C1H     UNIT         ?PR?_DRVADC_POWERCTRL?DRVADC
            BANK0   5B6FH     00C0H     UNIT         ?PR?_MCUSETSYSTEMSPEED?MCU
            BANK0   5C2FH     00B5H     UNIT         ?PR?MSPM_CHECKAGAIN?DRVPM
            BANK0   5CE4H     00B2H     UNIT         ?PR?_MSDRVPWMDOUBLEBUFFER?DRVGPIO
            BANK0   5D96H     00AFH     UNIT         ?PR?_MCUDMADATATRANSFER?MCU
            BANK0   5E45H     00AAH     UNIT         ?PR?MAPI_TMDS
            BANK0   5EEFH     00A5H     UNIT         ?PR?_SETSPI_QUAD_EN?MCU
            BANK0   5F94H     00A4H     UNIT         ?PR?_MSPM_ENABLE_EDID_READ?DRVPM
            BANK0   6038H     00A2H     UNIT         ?PR?MAIN_SLOWTIMERHANDLER?MAIN
            BANK0   60DAH     009CH     UNIT         ?PR?_MSPM_GETACTIVEDPPORT?DRVPM
            BANK0   6176H     0094H     UNIT         ?PR?_MSPM_SETPMCLOCK?DRVPM
            BANK0   620AH     0091H     UNIT         ?PR?_MSDRVPWMSHIFTGET?DRVGPIO
            BANK0   629BH     008EH     UNIT         ?PR?_MDRV_MHL_CBUSWAKEUPDETECT?MDRV_MHL
            BANK0   6329H     008AH     UNIT         ?PR?_MSEREAD_COMPAREHDCPCHECKSUMINEFUSE?MAPI_TMDS
            BANK0   63B3H     0089H     UNIT         ?PR?DRVMSTAR
            BANK0   643CH     0089H     UNIT         ?PR?_MSPM_GETACTIVEDVIPORT?DRVPM
            BANK0   64C5H     0087H     UNIT         ?PR?_DI2C_SENDBYTE?DEBUG
            BANK0   654CH     0085H     UNIT         ?PR?_MSAPIPWMDUTY?DRVGPIO
            BANK0   65D1H     0084H     UNIT         ?PR?_MSDRVPWMDUTY?DRVGPIO
            BANK0   6655H     0081H     UNIT         ?PR?_DI2C_RECEIVEBYTE?DEBUG
            BANK0   66D6H     007FH     UNIT         ?PR?_MSDRVPWMSHIFT?DRVGPIO
            BANK0   6755H     007EH     UNIT         ?PR?_MHAL_MHL_COMBORTERMCONTROL?MHAL_MHL
            BANK0   67D3H     007CH     UNIT         ?PR?_MSDRVPWMPERIODGET?DRVGPIO
            BANK0   684FH     007AH     UNIT         ?PR?MSDRVMCUMAILBOXWRITE?MCU
            BANK0   68C9H     007AH     UNIT         ?PR?__MHAL_MHL_SETVBUSCHARGE?MHAL_MHL
            BANK0   6943H     007AH     UNIT         ?PR?_MHAL_TMDS_CLOCKDETECT?MAPI_TMDS
            BANK0   69BDH     0077H     UNIT         ?PR?_MSDRVSOFTWARERESET?DRVMSTAR
            BANK0   6A34H     0074H     UNIT         ?PR?_MCUSETSPIMODE?MCU
            BANK0   6AA8H     006DH     UNIT         ?PR?_CODEMOVETOXDATA?MCU
            BANK0   6B15H     006CH     UNIT         ?PR?MAPI_COMBO_LOADHDCPKEY?MAPI_COMBO
            BANK0   6B81H     006BH     UNIT         ?PR?MSDRVMCUMAILBOXREAD?MCU
            BANK0   6BECH     0068H     UNIT         ?PR?MSPM_WAITINGEVENT?DRVPM
            BANK0   6C54H     0067H     UNIT         ?PR?_MCUDMADOWNLOADCODE?MCU
            BANK0   6CBBH     0067H     UNIT         ?PR?_MSDRVSETOFFLINECOMBOMUX?DRVMSTAR
            BANK0   6D22H     0064H     UNIT         ?PR?DEBUG
            BANK0   6D86H     0061H     UNIT         ?PR?__MHAL_MHL_SETCABLEDETECT?MHAL_MHL
            BANK0   6DE7H     005BH     UNIT         ?PR?__MHAL_MHL_SETPADPULLUP1K?MHAL_MHL
            BANK0   6E42H     005BH     UNIT         ?PR?_MHAL_MHL_RTERMCONTROLHWMODE?MHAL_MHL
            BANK0   6E9DH     005AH     UNIT         ?PR?MSPM_MCCSRESET?DRVPM
            BANK0   6EF7H     0059H     UNIT         ?PR?INIT_IOPORTS?MCU
            BANK0   6F50H     0059H     UNIT         ?PR?MSPM_CHECKDPACTIVE?DRVPM
            BANK0   6FA9H     0057H     UNIT         ?PR?_MSPM_ENABLESOGDETECT?DRVPM
BL51 BANKED LINKER/LOCATER V6.22                                                      07/03/2017  18:41:28  PAGE 6


            BANK0   7000H     0056H     UNIT         ?PR?DI2C_START?DEBUG
            BANK0   7056H     0056H     UNIT         ?PR?DI2C_INTIAL?DEBUG
            BANK0   70ACH     0053H     UNIT         ?PR?_I2CBURSTREADBYTES?DEBUG
            BANK0   70FFH     0051H     UNIT         ?PR?__MHAL_MHL_ECBUSMUXSWITCH?MHAL_MHL
            BANK0   7150H     004BH     UNIT         ?PR?_MSDRVIP1OFFLINEADCSETCOAST?DRVMSTAR
            BANK0   719BH     004AH     UNIT         ?PR?_I2CBURSTWRITEBYTES?DEBUG
            BANK0   71E5H     004AH     UNIT         ?PR?__MHAL_TMDS_BANK_OFFSET?MAPI_TMDS
            BANK0   722FH     0048H     UNIT         ?PR?_MSPM_CLEARSTATUS?DRVPM
            BANK0   7277H     0047H     UNIT         ?PR?MSDRVMCU51TOR2?MCU
            BANK0   72BEH     0046H     UNIT         ?PR?_MCUDMACRC32?MCU
            BANK0   7304H     0045H     UNIT         ?PR?INIT_MCU?MCU
            BANK0   7349H     0044H     UNIT         ?PR?INIT_TIMER?MCU
            BANK0   738DH     0042H     UNIT         ?PR?MAIN?MAIN
            BANK0   73CFH     0042H     UNIT         ?PR?MSPM_CHECKMCCSACTIVE?DRVPM
            BANK0   7411H     0041H     UNIT         ?PR?_MAPI_COMBO_GETCOMBOMASK?MAPI_COMBO
            BANK0   7452H     0041H     UNIT         ?PR?_MAPI_COMBO_GETCOMBOINPUTPORT?MAPI_COMBO
            BANK0   7493H     0040H     UNIT         ?PR?_MCUXDATAMAPTODRAM?MCU
            BANK0   74D3H     0040H     UNIT         ?PR?_MHAL_MHL_CBUSCONNECTSTATUS?MHAL_MHL
            BANK0   7513H     0040H     UNIT         ?PR?_MSAPIPWMCONFIG?DRVGPIO
            BANK0   7553H     003FH     UNIT         ?PR?MSEREAD_ISHDCPKEYINEFUSE?MAPI_TMDS
            BANK0   7592H     003EH     UNIT         ?PR?_MCUDMAMEMORYFILL?MCU
            BANK0   75D0H     003EH     UNIT         ?PR?_MCUXDATAMAPTOSRAM?MCU
            BANK0   760EH     003CH     UNIT         ?PR?__MHAL_MHL_SETCBUSPULLUP1K?MHAL_MHL
            BANK0   764AH     003BH     UNIT         ?PR?_TRIGGERWDT?MCU
            BANK0   7685H     003BH     UNIT         ?PR?_MCUSETSPISPEED?MCU
            BANK0   76C0H     003BH     UNIT         ?PR?_MAPI_COMBO_GETCOMBOTYPE?MAPI_COMBO
            BANK0   76FBH     003AH     UNIT         ?PR?MCUINITXDATAMAPTODRAM?MCU
            BANK0   7735H     003AH     UNIT         ?PR?_MSPM_ENABLEHVSYNCDETECT?DRVPM
            BANK0   776FH     0037H     UNIT         ?PR?CLEARWDT?MCU
            BANK0   77A6H     0037H     UNIT         ?PR?DI2C_START1?DEBUG
            BANK0   77DDH     0036H     UNIT         ?PR?DI2C_STOP?DEBUG
            BANK0   7813H     0036H     UNIT         ?PR?MSPM_SETDVIRAWCLK?DRVPM
            BANK0   7849H     0036H     UNIT         ?PR?_MSPM_GETDPSQUELCH?DRVPM
            BANK0   787FH     0036H     UNIT         ?PR?MSPM_SCANADCCH?DRVPM
            BANK0   78B5H     0034H     UNIT         ?PR?_I2C_ACCESSSTART?DEBUG
            BANK0   78E9H     0034H     UNIT         ?PR?_MSPM_SETPORTSKIPINDEX?DRVPM
            BANK0   791DH     0033H     UNIT         ?PR?_MHAL_MHL_SETPOWERSTATUS?MHAL_MHL
            BANK0   7950H     0033H     UNIT         ?PR?MSPM_RESETCHIP?DRVPM
            BANK0   7983H     0033H     UNIT         ?PR?MSPM_RESET?DRVPM
            BANK0   79B6H     0032H     UNIT         ?PR?DWAIT_I2C_ACK?DEBUG
            BANK0   79E8H     0031H     UNIT         ?PR?_MSPM_PASSWORD?DRVPM
            BANK0   7A19H     0030H     UNIT         ?PR?MHAL_MHL
            BANK0   7A49H     0030H     UNIT         ?PR?MSPM_SETSTATUS2SPARE?DRVPM
            BANK0   7A79H     002FH     UNIT         ?PR?__MHAL_TMDS_PHY_OFFSET?MAPI_TMDS
            BANK0   7AA8H     002EH     UNIT         ?PR?_INIT_WDT?MCU
            BANK0   7AD6H     002DH     UNIT         ?PR?_SETWDTCLK?MCU
            BANK0   7B03H     002BH     UNIT         ?PR?_MSDRVPWMPOLARITY?DRVGPIO
            BANK0   7B2EH     002AH     UNIT         ?PR?KEY_SCANKEYPAD?KEYPAD
            BANK0   7B58H     002AH     UNIT         ?PR?MSPM_SETFLAGDPMS?DRVPM
            BANK0   7B82H     0029H     UNIT         ?PR?MSDRVMCU51RESETR2?MCU
            BANK0   7BABH     0027H     UNIT         ?PR?_MCU4KXDATAMAPTODRAM?MCU
            BANK0   7BD2H     0026H     UNIT         ?PR?_MSDRVIP1OFFLINEREADHPERIOD?DRVMSTAR
            BANK0   7BF8H     0026H     UNIT         ?PR?_MSDRVIP1OFFLINEREADVTOTAL?DRVMSTAR
            BANK0   7C1EH     0025H     UNIT         ?PR?_ISHVSYNCACTIVE?DRVPM
            BANK0   7C43H     0023H     UNIT         ?PR?_MHAL_TMDS_INPUTISHDMI2?MAPI_TMDS
            BANK0   7C66H     0021H     UNIT         ?PR?PMDUMMY?DRVPM
            BANK0   7C87H     0020H     UNIT         ?PR?_MSDRVIP1OFFLINEGETINPUTSYNCTYPE?DRVMSTAR
BL51 BANKED LINKER/LOCATER V6.22                                                      07/03/2017  18:41:28  PAGE 7


            BANK0   7CA7H     0020H     UNIT         ?PR?_MSDRVIP1OFFLINEREADSYNCSTATUS?DRVMSTAR
            BANK0   7CC7H     0020H     UNIT         ?PR?_MSDRVIP1OFFLINEREADVSYNCWIDTH?DRVMSTAR
            BANK0   7CE7H     001FH     UNIT         ?PR?INIT_GLOBALVARIABLES?GLOBAL
            BANK0   7D06H     001DH     UNIT         ?PR?_MSDRVIP1OFFLINESETINPUTSYNCTYPE?DRVMSTAR
            BANK0   7D23H     001DH     UNIT         ?PR?_MSDRVIP1OFFLINEADCGLITCHREMOVAL?DRVMSTAR
            BANK0   7D40H     001DH     UNIT         ?PR?_MSPM_ENABLEDVICLOCKAMP?DRVPM
            BANK0   7D5DH     001DH     UNIT         ?PR?MSPM_CHECKPOWERKEYACTIVE?DRVPM
            BANK0   7D7AH     001CH     UNIT         ?PR?_MHAL_TMDS_CLOCK_STABLE?MAPI_TMDS
            BANK0   7D96H     001BH     UNIT         ?PR?MSDRVMCUMAILBOXCLEAR?MCU
            BANK0   7DB1H     001AH     UNIT         ?PR?GETCOMMAND?DEBUG
            BANK0   7DCBH     001AH     UNIT         ?PR?_MSPM_SETPMCLOCKLIVE?DRVPM
            BANK0   7DE5H     0019H     UNIT         ?PR?__MHAL_MHL_ENABLECBUSINTERRUPT?MHAL_MHL
            BANK0   7DFEH     0019H     UNIT         ?PR?MSPM_INIT?DRVPM
            BANK0   7E17H     0018H     UNIT         ?PR?_MSPM_ENABLEGPIODETECT?DRVPM
            BANK0   7E2FH     0017H     UNIT         ?PR?INIT_EXTERNALINTERRUPT?MCU
            BANK0   7E46H     0017H     UNIT         ?PR?_PUTSIOCHAR?DEBUG
            BANK0   7E5DH     0015H     UNIT         ?PR?_TRANSNUMTOBIT?GLOBAL
            BANK0   7E72H     0015H     UNIT         ?PR?DELAY4US?MISC
            BANK0   7E87H     0015H     UNIT         ?PR?__MHAL_MHL_GETECBUSMUX?MHAL_MHL
            BANK0   7E9CH     0014H     UNIT         ?PR?MHAL_MHL_TIMERHANDLER?MHAL_MHL
            BANK0   7EB0H     0014H     UNIT         ?PR?DRVGPIO_DUMMY?DRVGPIO
            BANK0   7EC4H     0012H     UNIT         ?PR?DEBUGHANDLER?DEBUG
            BANK0   7ED6H     0012H     UNIT         ?PR?_MSDRVSETOFFLINEIPCLKMUX?DRVMSTAR
            BANK0   7EE8H     0010H     UNIT         ?PR?_MDRV_TMDS_LOADKEYVIAEFUSE?MAPI_TMDS
            BANK0   7EF8H     0010H     UNIT         ?PR?MAPI_COMBO
            BANK0   7F08H     000FH     UNIT         ?PR?_I2CREADBYTE?DEBUG
            BANK0   7F17H     000EH     UNIT         ?PR?_I2CWRITEBYTE?DEBUG
            BANK0   7F25H     000EH     UNIT         ?PR?_FORCEDELAY1MS?MISC
            BANK0   7F33H     000EH     UNIT         ?PR?_DELAY1MS?MISC
            BANK0   7F41H     000DH     UNIT         ?PR?MSPM_ISSTATE_IDLE?DRVPM
            BANK0   7F4EH     000DH     UNIT         ?PR?MSPM_SETFLAGDCOFF?DRVPM
            BANK0   7F5BH     000CH     UNIT         ?PR?_MCU40KXDATAMAPTODRAM?MCU
            BANK0   7F67H     000CH     UNIT         ?PR?_MDRV_TMDS_LOADHDCPKEY?MAPI_TMDS
            BANK0   7F73H     000AH     UNIT         ?PR?MSDEBUGDUMMY?DEBUG
            BANK0   7F7DH     0009H     UNIT         ?PR?GLOBAL
            BANK0   7F86H     0009H     UNIT         ?PR?_MHAL_TMDS_GETDVIDUALMAINPORT?MAPI_TMDS
            BANK0   7F8FH     0007H     UNIT         ?PR?_MDRV_MHL_SETPOWERSTATUS?MDRV_MHL
            BANK0   7F96H     0007H     UNIT         ?PR?DRVADC
            BANK0   7F9DH     0006H     UNIT         ?PR?INIT_SERIALPORT?MCU



OVERLAY MAP OF MODULE:   .\Obj\TSUM (COMMON)


SEGMENT                                            DATA_GROUP          IDATA_GROUP         XDATA_GROUP
  +--> CALLED SEGMENT                            START    LENGTH     START    LENGTH     START    LENGTH
--------------------------------------------------------------------------------------------------------
?PR?EXT0INTERRUPT?ISR                            0022H    0001H      -----    -----      -----    -----
  +--> ?PR?ISR
  +--> ?PR?_MEM_MSREAD_BYTE_EXT0?MS_RWREG

?PR?_MEM_MSREAD_BYTE_EXT0?MS_RWREG               0023H    0004H      -----    -----      -----    -----
  +--> ?PR?MS_RWREG

*** NEW ROOT ***************************************************

BL51 BANKED LINKER/LOCATER V6.22                                                      07/03/2017  18:41:28  PAGE 8


?PR?TIME0INTERRUPT?ISR                           -----    -----      -----    -----      -----    -----
  +--> ?PR?ISR

*** NEW ROOT ***************************************************

?PR?EXT1INTERRUPT?ISR                            0027H    0003H      -----    -----      -----    -----
  +--> ?PR?ISR
  +--> ?PR?_MEM_MSREAD_BYTE_EXT1?MS_RWREG

?PR?_MEM_MSREAD_BYTE_EXT1?MS_RWREG               002AH    0004H      -----    -----      -----    -----
  +--> ?PR?MS_RWREG

*** NEW ROOT ***************************************************

?C_C51STARTUP                                    -----    -----      -----    -----      -----    -----
  +--> ?PR?MAIN?MAIN
  +--> ?C_INITSEG

?PR?MAIN?MAIN                                    -----    -----      -----    -----      -----    -----
  +--> ?PR?INIT_MCU?MCU
  +--> ?PR?INIT_GLOBALVARIABLES?GLOBAL
  +--> ?PR?MSPM_INIT?DRVPM
  +--> ?PR?_MSWRITEBYTEMASK?MS_RWREG
  +--> ?PR?_MSWRITEBYTE?MS_RWREG
  +--> ?PR?UNCALL_FUNCTION?MAIN
  +--> ?PR?MSPM_HANDLER?DRVPM
  +--> ?PR?MSPM_ISSTATE_IDLE?DRVPM
  +--> ?PR?MAIN_SLOWTIMERHANDLER?MAIN
  +--> ?PR?DEBUGHANDLER?DEBUG
  +--> ?PR?KEY_SCANKEYPAD?KEYPAD

?PR?INIT_MCU?MCU                                 -----    -----      -----    -----      -----    -----
  +--> ?PR?MCU
  +--> ?PR?_MSWRITEBIT?MS_RWREG
  +--> ?PR?_INIT_WDT?MCU
  +--> ?PR?INIT_IOPORTS?MCU
  +--> ?PR?INIT_EXTERNALINTERRUPT?MCU
  +--> ?PR?INIT_TIMER?MCU
  +--> ?PR?INIT_SERIALPORT?MCU
  +--> ?PR?MSDRVMCUMAILBOXREAD?MCU
  +--> ?PR?_MCUSETSYSTEMSPEED?MCU
  +--> ?PR?MCUINITXDATAMAPTODRAM?MCU
  +--> ?PR?_MCUXDATAMAPTODRAM?MCU

?PR?_MSWRITEBIT?MS_RWREG                         0062H    0006H      007CH    0002H      -----    -----
  +--> ?PR?MS_RWREG
  +--> ?PR?_MEM_MSREAD_BYTE?MS_RWREG
  +--> ?PR?_MSREADBYTE?MS_RWREG
  +--> ?PR?_MSWRITEBYTE?MS_RWREG

?PR?_MEM_MSREAD_BYTE?MS_RWREG                    0068H    0004H      -----    -----      -----    -----
  +--> ?PR?MS_RWREG

?PR?_MSREADBYTE?MS_RWREG                         0068H    0008H      -----    -----      -----    -----
  +--> ?PR?MS_RWREG

?PR?_MSWRITEBYTE?MS_RWREG                        006AH    0005H      -----    -----      -----    -----
BL51 BANKED LINKER/LOCATER V6.22                                                      07/03/2017  18:41:28  PAGE 9


  +--> ?PR?MS_RWREG

?PR?_INIT_WDT?MCU                                -----    -----      -----    -----      -----    -----
  +--> ?PR?_MSWRITE2BYTE?MS_RWREG
  +--> ?PR?MCU
  +--> ?PR?_MSWRITEBIT?MS_RWREG

?PR?_MSWRITE2BYTE?MS_RWREG                       004CH    0006H      -----    -----      -----    -----
  +--> ?PR?_MSWRITEBYTE?MS_RWREG

?PR?INIT_IOPORTS?MCU                             -----    -----      -----    -----      -----    -----
  +--> ?PR?_MSWRITEBIT?MS_RWREG

?PR?INIT_TIMER?MCU                               -----    -----      -----    -----      5045H    0002H

?PR?MSDRVMCUMAILBOXREAD?MCU                      002EH    0005H      -----    -----      -----    -----
  +--> ?PR?MCU
  +--> ?PR?_MSREADBYTE?MS_RWREG

?PR?_MCUSETSYSTEMSPEED?MCU                       0030H    0001H      -----    -----      -----    -----
  +--> ?PR?_MCUSETSPISPEED?MCU
  +--> ?PR?_MCUSETSPIMODE?MCU
  +--> ?PR?_MCUSETMCUSPEED?MCU
  +--> ?PR?_MSWRITEBYTE?MS_RWREG
  +--> ?PR?_FORCEDELAY1MS?MISC

?PR?_MCUSETSPISPEED?MCU                          0034H    0001H      -----    -----      -----    -----
  +--> ?PR?MCU
  +--> ?PR?_MSWRITEBYTEMASK?MS_RWREG

?PR?_MSWRITEBYTEMASK?MS_RWREG                    0062H    0006H      007CH    0002H      -----    -----
  +--> ?PR?MS_RWREG
  +--> ?PR?_MEM_MSREAD_BYTE?MS_RWREG
  +--> ?PR?_MSREADBYTE?MS_RWREG
  +--> ?PR?_MSWRITEBYTE?MS_RWREG

?PR?_MCUSETSPIMODE?MCU                           -----    -----      -----    -----      5045H    0001H
  +--> ?PR?_MSWRITEBYTEMASK?MS_RWREG
  +--> ?PR?MCU
  +--> ?PR?_MSWRITEBYTE?MS_RWREG

?PR?_MCUSETMCUSPEED?MCU                          0031H    0001H      -----    -----      5045H    0008H
  +--> ?CO?MCU
  +--> ?PR?MCU
  +--> ?PR?_MSWRITEBYTEMASK?MS_RWREG

?PR?MCUINITXDATAMAPTODRAM?MCU                    -----    -----      -----    -----      -----    -----
  +--> ?PR?MCU
  +--> ?PR?_MSWRITEBYTE?MS_RWREG
  +--> ?PR?_MSWRITEBIT?MS_RWREG

?PR?_MCUXDATAMAPTODRAM?MCU                       002EH    0004H      007CH    0006H      -----    -----
  +--> ?PR?_MCU40KXDATAMAPTODRAM?MCU
  +--> ?PR?_MCU4KXDATAMAPTODRAM?MCU

?PR?_MCU40KXDATAMAPTODRAM?MCU                    -----    -----      -----    -----      -----    -----
  +--> ?PR?MCU
BL51 BANKED LINKER/LOCATER V6.22                                                      07/03/2017  18:41:28  PAGE 10


  +--> ?PR?_MSWRITE2BYTE?MS_RWREG

?PR?_MCU4KXDATAMAPTODRAM?MCU                     0032H    0004H      -----    -----      -----    -----
  +--> ?PR?MCU
  +--> ?PR?_MSWRITE2BYTE?MS_RWREG

?PR?INIT_GLOBALVARIABLES?GLOBAL                  -----    -----      -----    -----      -----    -----
  +--> ?PR?DUMMYCALL?GLOBAL

?PR?DUMMYCALL?GLOBAL                             -----    -----      -----    -----      -----    -----
  +--> ?PR?MSDEBUGDUMMY?DEBUG
  +--> ?PR?GLOBAL
  +--> ?PR?_MSREAD2BYTE?MS_RWREG
  +--> ?PR?_MSWRITE3BYTE?MS_RWREG
  +--> ?PR?_MSWRITE4BYTE?MS_RWREG
  +--> ?PR?_MSWRITE2BYTEMASK?MS_RWREG
  +--> ?PR?_DELAY1MS?MISC
  +--> ?PR?DELAY4US?MISC
  +--> ?PR?_MCUDMADOWNLOADCODE?MCU
  +--> ?PR?_MCUDMACRC32?MCU
  +--> ?PR?_MCUDMAMEMORYFILL?MCU
  +--> ?PR?_MCUDMAPATTERNSEARCH?MCU
  +--> ?PR?_MCUARRANGECODEADDR?MCU
  +--> ?PR?_MCUXDATAMAPTOSRAM?MCU
  +--> ?PR?_CODEMOVETOXDATA?MCU
  +--> ?PR?MCUINITXDATAMAPTODRAM?MCU
  +--> ?PR?_MCUXDATAMAPTODRAM?MCU
  +--> ?PR?PMDUMMY?DRVPM
  +--> ?PR?KEY_SCANKEYPAD?KEYPAD
  +--> ?PR?MSDRVMCUMAILBOXREAD?MCU
  +--> ?PR?MSPM_ISSTATE_IDLE?DRVPM
  +--> ?PR?DRVGPIO_DUMMY?DRVGPIO
  +--> ?PR?_MSOS_DELETEMUTEX?GLOBAL

?PR?MSDEBUGDUMMY?DEBUG                           -----    -----      -----    -----      5045H    0001H
  +--> ?CO?DEBUG

?PR?_MSREAD2BYTE?MS_RWREG                        0048H    0004H      -----    -----      -----    -----
  +--> ?PR?_MSREADBYTE?MS_RWREG

?PR?_MSWRITE3BYTE?MS_RWREG                       002FH    0008H      -----    -----      -----    -----
  +--> ?PR?_MSWRITEBYTE?MS_RWREG
  +--> ?PR?MS_RWREG

?PR?_MSWRITE4BYTE?MS_RWREG                       0062H    0008H      -----    -----      -----    -----
  +--> ?PR?_MSWRITEBYTE?MS_RWREG
  +--> ?PR?MS_RWREG

?PR?_MSWRITE2BYTEMASK?MS_RWREG                   0047H    0008H      -----    -----      -----    -----
  +--> ?PR?_MSWRITEBYTEMASK?MS_RWREG

?PR?_MCUDMADOWNLOADCODE?MCU                      002EH    000EH      -----    -----      -----    -----
  +--> ?PR?MCU
  +--> ?PR?_MSWRITE2BYTE?MS_RWREG
  +--> ?PR?_MCUDMADATATRANSFER?MCU

?PR?_MCUDMADATATRANSFER?MCU                      003CH    000FH      -----    -----      5045H    0001H
BL51 BANKED LINKER/LOCATER V6.22                                                      07/03/2017  18:41:28  PAGE 11


  +--> ?PR?_MSWRITEBYTEMASK?MS_RWREG
  +--> ?PR?_BDMA_OPERATION?MCU

?PR?_BDMA_OPERATION?MCU                          004BH    0017H      -----    -----      504AH    0001H
  +--> ?PR?MCU
  +--> ?PR?_MSWRITEBYTE?MS_RWREG
  +--> ?PR?_MSWRITEBYTEMASK?MS_RWREG
  +--> ?PR?_MSWRITE4BYTE?MS_RWREG
  +--> ?PR?_MSWRITEBIT?MS_RWREG
  +--> ?PR?_MSREADBYTE?MS_RWREG

?PR?_MCUDMACRC32?MCU                             002EH    0012H      -----    -----      -----    -----
  +--> ?PR?_BDMA_OPERATION?MCU

?PR?_MCUDMAMEMORYFILL?MCU                        002EH    000EH      -----    -----      -----    -----
  +--> ?PR?_BDMA_OPERATION?MCU

?PR?_MCUDMAPATTERNSEARCH?MCU                     002EH    000EH      -----    -----      5045H    0005H
  +--> ?PR?MCU
  +--> ?PR?_BDMA_OPERATION?MCU

?PR?_MCUARRANGECODEADDR?MCU                      002EH    0009H      -----    -----      5045H    0001H
  +--> ?PR?MCU
  +--> ?PR?_MSWRITEBYTE?MS_RWREG
  +--> ?PR?_MSWRITEBIT?MS_RWREG

?PR?_MCUXDATAMAPTOSRAM?MCU                       002EH    0001H      -----    -----      -----    -----
  +--> ?PR?MCU
  +--> ?PR?_MSWRITEBYTE?MS_RWREG
  +--> ?PR?_MSWRITEBIT?MS_RWREG

?PR?_CODEMOVETOXDATA?MCU                         002EH    000CH      007CH    0004H      -----    -----
  +--> ?PR?MCU

?PR?PMDUMMY?DRVPM                                002EH    0001H      -----    -----      -----    -----
  +--> ?PR?_MSPM_ENABLEDVICLOCKAMP?DRVPM
  +--> ?PR?MSPM_CHECKAGAIN?DRVPM
  +--> ?PR?MSPM_WAITINGEVENT?DRVPM
  +--> ?PR?_ISHVSYNCACTIVE?DRVPM
  +--> ?PR?MSPM_POWERUPMACRO?DRVPM
  +--> ?PR?MSPM_RESET?DRVPM
  +--> ?PR?MSDRVMCUMAILBOXWRITE?MCU
  +--> ?PR?MSDRVMCU51TOR2?MCU
  +--> ?PR?MSPM_SETPMMODE?DRVPM

?PR?_MSPM_ENABLEDVICLOCKAMP?DRVPM                -----    -----      -----    -----      -----    -----
  +--> ?PR?DRVPM
  +--> ?PR?_MSWRITE2BYTEMASK?MS_RWREG

?PR?DRVPM                                        -----    -----      -----    -----      -----    -----
  +--> ?CO?DRVPM
  +--> ?PR?_MSPM_GETACTIVEDVIPORT?DRVPM

?PR?_MSPM_GETACTIVEDVIPORT?DRVPM                 -----    -----      -----    -----      -----    -----
  +--> ?CO?DRVPM

?PR?MSPM_CHECKAGAIN?DRVPM                        002FH    0001H      -----    -----      -----    -----
BL51 BANKED LINKER/LOCATER V6.22                                                      07/03/2017  18:41:28  PAGE 12


  +--> ?PR?DRVPM
  +--> ?PR?_MSWRITEBYTEMASK?MS_RWREG
  +--> ?PR?_DELAY1MS?MISC
  +--> ?PR?_MSPM_SETPMCLOCKLIVE?DRVPM
  +--> ?PR?_MSPM_SETPMCLOCK?DRVPM
  +--> ?PR?MSPM_CHECKDVISYNCACTIVE?DRVPM
  +--> ?PR?MSPM_CHECKMCCSACTIVE?DRVPM
  +--> ?PR?MSPM_CHECKDPACTIVE?DRVPM
  +--> ?PR?MSPM_CHECKPOWERKEYACTIVE?DRVPM

?PR?_MSPM_SETPMCLOCKLIVE?DRVPM                   -----    -----      -----    -----      -----    -----
  +--> ?PR?DRVPM
  +--> ?PR?_MSWRITEBYTEMASK?MS_RWREG

?PR?_MSPM_SETPMCLOCK?DRVPM                       -----    -----      -----    -----      -----    -----
  +--> ?PR?_MCUSETSYSTEMSPEED?MCU
  +--> ?PR?_MSPM_SETPMCLOCKLIVE?DRVPM
  +--> ?PR?DRVPM
  +--> ?PR?_MSWRITEBYTEMASK?MS_RWREG

?PR?MSPM_CHECKDVISYNCACTIVE?DRVPM                0030H    0002H      -----    -----      5045H    0004H
  +--> ?PR?DRVPM
  +--> ?PR?_MSWRITEBYTEMASK?MS_RWREG
  +--> ?PR?_FORCEDELAY1MS?MISC
  +--> ?PR?_MSPM_ENABLEDATARTERM?DRVPM
  +--> ?PR?_MHAL_TMDS_INITIAL?MAPI_TMDS
  +--> ?PR?MAPI_COMBO_LOADHDCPKEY?MAPI_COMBO
  +--> ?PR?_MSDRVSETOFFLINEIPMUX?DRVMSTAR
  +--> ?PR?_MSDRVIP1OFFLINEREADHPERIOD?DRVMSTAR
  +--> ?PR?_MSDRVIP1OFFLINEREADVTOTAL?DRVMSTAR
  +--> ?PR?_MHAL_TMDS_CLOCKDETECT?MAPI_TMDS
  +--> ?PR?_MHAL_TMDS_CLOCK_STABLE?MAPI_TMDS
  +--> ?PR?_MHAL_TMDS_INPUTISHDMI2?MAPI_TMDS

?PR?_MSPM_ENABLEDATARTERM?DRVPM                  0032H    0001H      -----    -----      5049H    0002H
  +--> ?PR?DRVPM
  +--> ?PR?_MSWRITEBYTEMASK?MS_RWREG

?PR?_MHAL_TMDS_INITIAL?MAPI_TMDS                 0032H    0002H      -----    -----      5049H    0003H
  +--> ?PR?__MHAL_TMDS_BANK_OFFSET?MAPI_TMDS
  +--> ?PR?MAPI_TMDS
  +--> ?PR?_MSWRITE2BYTE?MS_RWREG
  +--> ?PR?_MSWRITE2BYTEMASK?MS_RWREG
  +--> ?PR?_MSWRITEBYTEMASK?MS_RWREG
  +--> ?PR?_MSWRITEBYTE?MS_RWREG
  +--> ?PR?__MHAL_TMDS_PHY_OFFSET?MAPI_TMDS

?PR?__MHAL_TMDS_BANK_OFFSET?MAPI_TMDS            -----    -----      -----    -----      504CH    0002H

?PR?__MHAL_TMDS_PHY_OFFSET?MAPI_TMDS             -----    -----      -----    -----      504CH    0002H

?PR?MAPI_COMBO_LOADHDCPKEY?MAPI_COMBO            0032H    0003H      -----    -----      -----    -----
  +--> ?CO?MAPI_COMBO
  +--> ?PR?MAPI_COMBO
  +--> ?PR?_MDRV_TMDS_LOADKEYVIAEFUSE?MAPI_TMDS
  +--> ?PR?_MAPI_COMBO_GETCOMBOINPUTPORT?MAP...
  +--> ?PR?_MAPI_COMBO_GETCOMBOTYPE?MAPI_COMBO
BL51 BANKED LINKER/LOCATER V6.22                                                      07/03/2017  18:41:28  PAGE 13


  +--> ?PR?_MDRV_TMDS_LOADHDCPKEY?MAPI_TMDS
  +--> ?PR?_MDRV_TMDS_GETDVIDUALMAINPORT?MAP...

?PR?MAPI_COMBO                                   -----    -----      -----    -----      -----    -----
  +--> ?CO?MAPI_COMBO

?PR?_MDRV_TMDS_LOADKEYVIAEFUSE?MAPI_TMDS         0035H    0007H      -----    -----      -----    -----
  +--> ?PR?_MHAL_TMDS_LOADKEYVIAEFUSE?MAPI_TMDS

?PR?_MHAL_TMDS_LOADKEYVIAEFUSE?MAPI_TMDS         003CH    000CH      -----    -----      -----    -----
  +--> ?PR?_MSWRITEBYTEMASK?MS_RWREG
  +--> ?PR?MSEREAD_ISHDCPKEYINEFUSE?MAPI_TMDS
  +--> ?PR?MAPI_TMDS
  +--> ?PR?_MSREADBYTE?MS_RWREG
  +--> ?PR?_MSEREAD_COMPAREHDCPCHECKSUMINEFU...
  +--> ?PR?_MSWRITEBYTE?MS_RWREG
  +--> ?PR?_FORCEDELAY1MS?MISC

?PR?MSEREAD_ISHDCPKEYINEFUSE?MAPI_TMDS           0048H    0001H      -----    -----      -----    -----
  +--> ?PR?MAPI_TMDS
  +--> ?PR?_MSWRITEBYTE?MS_RWREG
  +--> ?PR?_FORCEDELAY1MS?MISC
  +--> ?PR?_MSREADBYTE?MS_RWREG

?PR?_MSEREAD_COMPAREHDCPCHECKSUMINEFU...         0048H    0006H      -----    -----      -----    -----
  +--> ?PR?MAPI_TMDS
  +--> ?PR?_MSWRITEBYTE?MS_RWREG
  +--> ?PR?_MSREADBYTE?MS_RWREG
  +--> ?PR?_FORCEDELAY1MS?MISC

?PR?_MAPI_COMBO_GETCOMBOTYPE?MAPI_COMBO          -----    -----      -----    -----      -----    -----
  +--> ?PR?_MAPI_COMBO_GETCOMBOMASK?MAPI_COMBO

?PR?_MDRV_TMDS_LOADHDCPKEY?MAPI_TMDS             0035H    0008H      -----    -----      -----    -----
  +--> ?PR?_MHAL_TMDS_LOADHDCPKEY?MAPI_TMDS

?PR?_MHAL_TMDS_LOADHDCPKEY?MAPI_TMDS             003DH    000AH      -----    -----      -----    -----
  +--> ?PR?MAPI_TMDS
  +--> ?PR?_MSWRITEBYTEMASK?MS_RWREG
  +--> ?PR?_MSWRITE2BYTE?MS_RWREG
  +--> ?PR?_MSWRITEBYTE?MS_RWREG
  +--> ?PR?_MSWRITE2BYTEMASK?MS_RWREG

?PR?_MDRV_TMDS_GETDVIDUALMAINPORT?MAP...         -----    -----      -----    -----      -----    -----
  +--> ?PR?_MHAL_TMDS_GETDVIDUALMAINPORT?MAP...

?PR?_MSDRVSETOFFLINEIPMUX?DRVMSTAR               0032H    0002H      -----    -----      5049H    0016H
  +--> ?PR?DRVMSTAR
  +--> ?PR?_MSWRITE2BYTEMASK?MS_RWREG
  +--> ?PR?_MSDRVSETOFFLINEIPCLKMUX?DRVMSTAR
  +--> ?PR?_MSWRITEBYTEMASK?MS_RWREG
  +--> ?PR?_MSDRVSETOFFLINECOMBOMUX?DRVMSTAR
  +--> ?PR?_MSWRITEBIT?MS_RWREG
  +--> ?PR?_MSWRITEBYTE?MS_RWREG
  +--> ?PR?_MSDRVSOFTWARERESET?DRVMSTAR

?PR?DRVMSTAR                                     -----    -----      -----    -----      -----    -----
BL51 BANKED LINKER/LOCATER V6.22                                                      07/03/2017  18:41:28  PAGE 14


  +--> ?CO?DRVPM

?PR?_MSDRVSETOFFLINEIPCLKMUX?DRVMSTAR            -----    -----      -----    -----      -----    -----
  +--> ?PR?DRVMSTAR
  +--> ?PR?_MSWRITEBYTEMASK?MS_RWREG

?PR?_MSDRVSETOFFLINECOMBOMUX?DRVMSTAR            0034H    0002H      -----    -----      -----    -----
  +--> ?CO?DRVPM
  +--> ?PR?DRVMSTAR
  +--> ?PR?_MSWRITEBYTEMASK?MS_RWREG

?PR?_MSDRVSOFTWARERESET?DRVMSTAR                 0034H    0005H      -----    -----      505FH    0008H
  +--> ?PR?DRVMSTAR
  +--> ?PR?_MSWRITEBYTE?MS_RWREG
  +--> ?PR?_MSWRITE2BYTE?MS_RWREG

?PR?_MSDRVIP1OFFLINEREADHPERIOD?DRVMSTAR         -----    -----      -----    -----      5049H    0006H
  +--> ?PR?DRVMSTAR
  +--> ?PR?_MSREAD2BYTE?MS_RWREG

?PR?_MSDRVIP1OFFLINEREADVTOTAL?DRVMSTAR          -----    -----      -----    -----      5049H    0006H
  +--> ?PR?DRVMSTAR
  +--> ?PR?_MSREAD2BYTE?MS_RWREG

?PR?_MHAL_TMDS_CLOCKDETECT?MAPI_TMDS             0032H    0001H      -----    -----      -----    -----
  +--> ?PR?_MSREADBYTE?MS_RWREG

?PR?_MHAL_TMDS_CLOCK_STABLE?MAPI_TMDS            -----    -----      -----    -----      -----    -----
  +--> ?PR?__MHAL_TMDS_PHY_OFFSET?MAPI_TMDS
  +--> ?PR?MAPI_TMDS
  +--> ?PR?_MSREAD2BYTE?MS_RWREG

?PR?_MHAL_TMDS_INPUTISHDMI2?MAPI_TMDS            0032H    0001H      -----    -----      -----    -----
  +--> ?PR?_MSREADBYTE?MS_RWREG

?PR?MSPM_CHECKMCCSACTIVE?DRVPM                   -----    -----      -----    -----      -----    -----
  +--> ?PR?MSPM_SETFLAGDCOFF?DRVPM
  +--> ?PR?MSPM_RESET?DRVPM

?PR?MSPM_SETFLAGDCOFF?DRVPM                      -----    -----      -----    -----      -----    -----
  +--> ?PR?DRVPM

?PR?MSPM_RESET?DRVPM                             0030H    0001H      -----    -----      -----    -----
  +--> ?PR?DRVPM
  +--> ?PR?_MSWRITEBYTEMASK?MS_RWREG
  +--> ?PR?_MSPM_SETPMCLOCKLIVE?DRVPM
  +--> ?PR?_MSPM_PASSWORD?DRVPM
  +--> ?PR?MSPM_INIT?DRVPM
  +--> ?PR?_MSPM_CLEARSTATUS?DRVPM
  +--> ?PR?MSPM_MCCSRESET?DRVPM

?PR?_MSPM_PASSWORD?DRVPM                         -----    -----      -----    -----      -----    -----
  +--> ?PR?DRVPM
  +--> ?PR?_MSWRITEBYTE?MS_RWREG

?PR?MSPM_INIT?DRVPM                              -----    -----      -----    -----      -----    -----
  +--> ?PR?DRVPM
BL51 BANKED LINKER/LOCATER V6.22                                                      07/03/2017  18:41:28  PAGE 15



?PR?_MSPM_CLEARSTATUS?DRVPM                      -----    -----      -----    -----      -----    -----
  +--> ?PR?DRVPM
  +--> ?PR?_MSWRITEBIT?MS_RWREG

?PR?MSPM_MCCSRESET?DRVPM                         -----    -----      -----    -----      -----    -----
  +--> ?PR?DRVPM
  +--> ?PR?_MSWRITEBYTE?MS_RWREG

?PR?MSPM_CHECKDPACTIVE?DRVPM                     0030H    0002H      -----    -----      -----    -----
  +--> ?PR?DRVPM
  +--> ?PR?_MSWRITEBYTEMASK?MS_RWREG
  +--> ?PR?_FORCEDELAY1MS?MISC
  +--> ?PR?_MSREADBYTE?MS_RWREG

?PR?MSPM_CHECKPOWERKEYACTIVE?DRVPM               -----    -----      -----    -----      -----    -----
  +--> ?PR?MSPM_RESET?DRVPM
  +--> ?PR?MSPM_SETFLAGDCOFF?DRVPM

?PR?MSPM_WAITINGEVENT?DRVPM                      002FH    0001H      -----    -----      -----    -----
  +--> ?PR?MAIN_SLOWTIMERHANDLER?MAIN
  +--> ?PR?MSPM_SCANADCCH?DRVPM
  +--> ?PR?MSPM_GETPMSTATUS?DRVPM
  +--> ?PR?KEY_GETKEYPADSTATUS?KEYPAD
  +--> ?PR?DRVPM

?PR?MAIN_SLOWTIMERHANDLER?MAIN                   -----    -----      -----    -----      -----    -----
  +--> ?PR?MDRV_MHL_TIMERHANDLER?MDRV_MHL
  +--> ?PR?_MEM_MSREAD_BYTE?MS_RWREG
  +--> ?PR?_MSWRITEBIT?MS_RWREG

?PR?MDRV_MHL_TIMERHANDLER?MDRV_MHL               -----    -----      -----    -----      -----    -----
  +--> ?PR?MHAL_MHL_TIMERHANDLER?MHAL_MHL

?PR?MSPM_SCANADCCH?DRVPM                         -----    -----      -----    -----      -----    -----
  +--> ?PR?_MSREADBYTE?MS_RWREG
  +--> ?PR?DRVPM
  +--> ?PR?_MSWRITEBYTEMASK?MS_RWREG

?PR?MSPM_GETPMSTATUS?DRVPM                       0030H    0002H      -----    -----      5045H    0008H
  +--> ?PR?_MSREADBYTE?MS_RWREG
  +--> ?PR?DRVPM
  +--> ?PR?_MSREAD2BYTE?MS_RWREG
  +--> ?PR?_MEM_MSREAD_BYTE?MS_RWREG
  +--> ?PR?KEY_SCANKEYPAD?KEYPAD
  +--> ?PR?_MSPM_GETACTIVEDPPORT?DRVPM

?PR?KEY_SCANKEYPAD?KEYPAD                        -----    -----      -----    -----      -----    -----
  +--> ?PR?KEY_GETKEYPADSTATUS?KEYPAD

?PR?KEY_GETKEYPADSTATUS?KEYPAD                   0032H    0004H      -----    -----      -----    -----
  +--> ?PR?_MEM_MSREAD_BYTE?MS_RWREG
  +--> ?PR?_ABS?ABS
  +--> ?PR?_DELAY1MS?MISC

?PR?_MSPM_GETACTIVEDPPORT?DRVPM                  0032H    0002H      -----    -----      -----    -----
  +--> ?PR?DRVPM
BL51 BANKED LINKER/LOCATER V6.22                                                      07/03/2017  18:41:28  PAGE 16


  +--> ?PR?_MSPM_GETDPSQUELCH?DRVPM
  +--> ?PR?_MSREADBYTE?MS_RWREG

?PR?_MSPM_GETDPSQUELCH?DRVPM                     0034H    0004H      -----    -----      -----    -----
  +--> ?PR?DRVPM
  +--> ?PR?_MSREADBYTE?MS_RWREG

?PR?_ISHVSYNCACTIVE?DRVPM                        -----    -----      -----    -----      5045H    0004H
  +--> ?PR?_FORCEDELAY1MS?MISC

?PR?MSPM_POWERUPMACRO?DRVPM                      -----    -----      -----    -----      -----    -----
  +--> ?PR?DRVPM
  +--> ?PR?_MSWRITE2BYTEMASK?MS_RWREG
  +--> ?PR?_MSWRITEBYTEMASK?MS_RWREG

?PR?MSDRVMCUMAILBOXWRITE?MCU                     002FH    0005H      -----    -----      -----    -----
  +--> ?PR?MSDRVMCUMAILBOXCLEAR?MCU
  +--> ?PR?MCU
  +--> ?PR?_MSWRITEBYTE?MS_RWREG

?PR?MSDRVMCUMAILBOXCLEAR?MCU                     0034H    0001H      -----    -----      -----    -----
  +--> ?PR?MCU
  +--> ?PR?_MSWRITEBYTE?MS_RWREG

?PR?MSDRVMCU51TOR2?MCU                           -----    -----      -----    -----      -----    -----
  +--> ?PR?_MSWRITE2BYTE?MS_RWREG
  +--> ?PR?MCU
  +--> ?PR?_MSWRITEBYTE?MS_RWREG
  +--> ?PR?_MSWRITEBYTEMASK?MS_RWREG

?PR?MSPM_SETPMMODE?DRVPM                         -----    -----      -----    -----      -----    -----
  +--> ?PR?_MSPM_ENABLEDVICLOCKAMP?DRVPM
  +--> ?PR?_MSPM_ENABLEHVSYNCDETECT?DRVPM
  +--> ?PR?_MSPM_ENABLESOGDETECT?DRVPM
  +--> ?PR?DRVPM
  +--> ?PR?_MSWRITE2BYTEMASK?MS_RWREG
  +--> ?PR?_MSWRITEBYTEMASK?MS_RWREG
  +--> ?PR?_MSPM_ENABLEDPDETECT?DRVPM
  +--> ?PR?_MSPM_ENABLEDVIDETECT?DRVPM
  +--> ?PR?KEY_GETKEYPADSTATUS?KEYPAD
  +--> ?PR?_MSPM_ENABLEGPIODETECT?DRVPM
  +--> ?PR?_MSPM_ENABLESARDETECT?DRVPM
  +--> ?PR?_MSPM_ENABLEMCCSDETECT?DRVPM
  +--> ?PR?_MSPM_ENABLEIRDETECT?DRVPM
  +--> ?PR?MSPM_MCCSRESET?DRVPM
  +--> ?PR?_MSPM_ENABLE_EDID_READ?DRVPM
  +--> ?PR?_MSPM_PASSWORD?DRVPM
  +--> ?PR?MSPM_POWERDOWNMACRO?DRVPM
  +--> ?PR?MSPM_OUTPUTTRISTATE?DRVPM
  +--> ?PR?_MSPM_CLEARSTATUS?DRVPM
  +--> ?PR?_MSPM_SETPMCLOCK?DRVPM
  +--> ?PR?_MSWRITEBYTE?MS_RWREG
  +--> ?PR?_DELAY1MS?MISC

?PR?_MSPM_ENABLEHVSYNCDETECT?DRVPM               -----    -----      -----    -----      -----    -----
  +--> ?PR?DRVPM
  +--> ?PR?_MSWRITEBYTEMASK?MS_RWREG
BL51 BANKED LINKER/LOCATER V6.22                                                      07/03/2017  18:41:28  PAGE 17



?PR?_MSPM_ENABLESOGDETECT?DRVPM                  -----    -----      -----    -----      5045H    0001H
  +--> ?PR?DRVPM
  +--> ?PR?_MSWRITEBIT?MS_RWREG
  +--> ?PR?_MSWRITEBYTEMASK?MS_RWREG

?PR?_MSPM_ENABLEDPDETECT?DRVPM                   002FH    0002H      -----    -----      -----    -----
  +--> ?PR?DRVPM
  +--> ?PR?_MSWRITEBYTEMASK?MS_RWREG
  +--> ?PR?_MSWRITEBYTE?MS_RWREG

?PR?_MSPM_ENABLEDVIDETECT?DRVPM                  002FH    0001H      -----    -----      5045H    0003H
  +--> ?PR?DRVPM
  +--> ?PR?MSPM_SETDVIRAWCLK?DRVPM
  +--> ?PR?_MSPM_ENABLEDATARTERM?DRVPM
  +--> ?PR?_MSPM_ENABLECLOCKRTERM?DRVPM
  +--> ?PR?_MSWRITEBYTEMASK?MS_RWREG
  +--> ?PR?_MSWRITE2BYTEMASK?MS_RWREG

?PR?MSPM_SETDVIRAWCLK?DRVPM                      -----    -----      -----    -----      -----    -----
  +--> ?PR?DRVPM
  +--> ?PR?_MSWRITEBYTEMASK?MS_RWREG

?PR?_MSPM_ENABLECLOCKRTERM?DRVPM                 -----    -----      -----    -----      5048H    0001H
  +--> ?PR?DRVPM
  +--> ?PR?_MSWRITEBYTEMASK?MS_RWREG

?PR?_MSPM_ENABLEGPIODETECT?DRVPM                 -----    -----      -----    -----      -----    -----
  +--> ?PR?DRVPM
  +--> ?PR?_MSWRITE2BYTEMASK?MS_RWREG

?PR?_MSPM_ENABLESARDETECT?DRVPM                  -----    -----      -----    -----      -----    -----
  +--> ?PR?DRVPM
  +--> ?PR?_MSWRITEBYTEMASK?MS_RWREG

?PR?_MSPM_ENABLEMCCSDETECT?DRVPM                 -----    -----      -----    -----      -----    -----
  +--> ?PR?DRVPM
  +--> ?PR?_MSWRITEBYTE?MS_RWREG
  +--> ?PR?_MSWRITEBYTEMASK?MS_RWREG
  +--> ?PR?_MSWRITEBIT?MS_RWREG

?PR?_MSPM_ENABLEIRDETECT?DRVPM                   002FH    0001H      -----    -----      -----    -----
  +--> ?PR?DRVPM
  +--> ?PR?_MSWRITEBYTEMASK?MS_RWREG
  +--> ?PR?_MSWRITE2BYTE?MS_RWREG
  +--> ?PR?_MSWRITEBYTE?MS_RWREG

?PR?_MSPM_ENABLE_EDID_READ?DRVPM                 -----    -----      -----    -----      -----    -----
  +--> ?PR?DRVPM
  +--> ?PR?_MSWRITEBYTEMASK?MS_RWREG

?PR?MSPM_POWERDOWNMACRO?DRVPM                    -----    -----      -----    -----      -----    -----
  +--> ?PR?DRVPM
  +--> ?PR?_MSWRITEBYTEMASK?MS_RWREG
  +--> ?PR?_MSWRITE2BYTEMASK?MS_RWREG
  +--> ?PR?_MSPM_INTERRUPTENABLE?DRVPM

BL51 BANKED LINKER/LOCATER V6.22                                                      07/03/2017  18:41:28  PAGE 18


?PR?MSPM_OUTPUTTRISTATE?DRVPM                    -----    -----      -----    -----      -----    -----
  +--> ?PR?_MSWRITEBYTE?MS_RWREG
  +--> ?PR?_MSWRITE3BYTE?MS_RWREG
  +--> ?PR?_MSWRITEBYTEMASK?MS_RWREG
  +--> ?PR?_MSWRITE2BYTE?MS_RWREG
  +--> ?PR?DRVPM

?PR?DRVGPIO_DUMMY?DRVGPIO                        -----    -----      -----    -----      -----    -----
  +--> ?PR?_MSAPIPWMCONFIG?DRVGPIO

?PR?_MSAPIPWMCONFIG?DRVGPIO                      002EH    000AH      -----    -----      -----    -----
  +--> ?PR?_MSDRVPWMFREQ?DRVGPIO
  +--> ?PR?DRVGPIO
  +--> ?PR?_MSAPIPWMDUTY?DRVGPIO
  +--> ?PR?_MSDRVPWMALIGNSYNC?DRVGPIO
  +--> ?PR?_MSDRVPWMDOUBLEBUFFER?DRVGPIO
  +--> ?PR?_MSDRVPWMPOLARITY?DRVGPIO

?PR?_MSDRVPWMFREQ?DRVGPIO                        0038H    000EH      -----    -----      -----    -----
  +--> ?PR?_MSDRVPWMMASKTRANSFER?DRVGPIO
  +--> ?PR?DRVGPIO
  +--> ?PR?_MSWRITE2BYTE?MS_RWREG
  +--> ?PR?_MSWRITE2BYTEMASK?MS_RWREG

?PR?_MSDRVPWMMASKTRANSFER?DRVGPIO                004CH    0004H      -----    -----      -----    -----

?PR?_MSAPIPWMDUTY?DRVGPIO                        0038H    000AH      -----    -----      -----    -----
  +--> ?PR?_MSDRVPWMPERIODGET?DRVGPIO
  +--> ?PR?_MSDRVPWMMASKTRANSFER?DRVGPIO
  +--> ?PR?_MSDRVPWMDUTY?DRVGPIO

?PR?_MSDRVPWMPERIODGET?DRVGPIO                   0042H    0006H      -----    -----      -----    -----
  +--> ?PR?_MSDRVPWMMASKTRANSFER?DRVGPIO
  +--> ?PR?DRVGPIO
  +--> ?PR?_MSREAD2BYTE?MS_RWREG

?PR?_MSDRVPWMDUTY?DRVGPIO                        0042H    000AH      -----    -----      -----    -----
  +--> ?PR?_MSDRVPWMMASKTRANSFER?DRVGPIO
  +--> ?PR?DRVGPIO
  +--> ?PR?_MSWRITE2BYTE?MS_RWREG
  +--> ?PR?_MSWRITEBYTEMASK?MS_RWREG
  +--> ?PR?_MSWRITEBYTE?MS_RWREG

?PR?_MSDRVPWMALIGNSYNC?DRVGPIO                   0038H    000AH      -----    -----      -----    -----
  +--> ?PR?_MSDRVPWMMASKTRANSFER?DRVGPIO
  +--> ?PR?DRVGPIO
  +--> ?PR?_MSWRITEBIT?MS_RWREG
  +--> ?PR?_MSDRVPWMSHIFTGET?DRVGPIO
  +--> ?PR?_MSDRVPWMSHIFT?DRVGPIO
  +--> ?PR?_MSWRITEBYTEMASK?MS_RWREG
  +--> ?PR?_TRANSNUMTOBIT?GLOBAL

?PR?_MSDRVPWMSHIFTGET?DRVGPIO                    0042H    0006H      -----    -----      -----    -----
  +--> ?PR?_MSDRVPWMMASKTRANSFER?DRVGPIO
  +--> ?PR?DRVGPIO
  +--> ?PR?_MSREAD2BYTE?MS_RWREG
  +--> ?PR?_MSREADBYTE?MS_RWREG
BL51 BANKED LINKER/LOCATER V6.22                                                      07/03/2017  18:41:28  PAGE 19



?PR?_MSDRVPWMSHIFT?DRVGPIO                       0042H    000AH      -----    -----      -----    -----
  +--> ?PR?_MSDRVPWMMASKTRANSFER?DRVGPIO
  +--> ?PR?DRVGPIO
  +--> ?PR?_MSWRITE2BYTE?MS_RWREG
  +--> ?PR?_MSWRITEBYTEMASK?MS_RWREG

?PR?_MSDRVPWMDOUBLEBUFFER?DRVGPIO                0038H    0009H      -----    -----      -----    -----
  +--> ?PR?_MSDRVPWMMASKTRANSFER?DRVGPIO
  +--> ?PR?DRVGPIO
  +--> ?PR?_MSWRITEBIT?MS_RWREG

?PR?_MSDRVPWMPOLARITY?DRVGPIO                    0038H    0005H      -----    -----      -----    -----
  +--> ?PR?_MSDRVPWMMASKTRANSFER?DRVGPIO
  +--> ?PR?DRVGPIO
  +--> ?PR?_MSWRITEBIT?MS_RWREG

?PR?UNCALL_FUNCTION?MAIN                         -----    -----      -----    -----      -----    -----
  +--> ?PR?_MHAL_TMDS_INITIAL?MAPI_TMDS
  +--> ?PR?_MSDRVIP1OFFLINEGETINPUTSYNCTYPE?...
  +--> ?PR?_MSDRVIP1OFFLINEADCGLITCHREMOVAL?...
  +--> ?PR?_MSDRVIP1OFFLINEADCSETCOAST?DRVMSTAR
  +--> ?PR?_MSDRVSETOFFLINEIPMUX?DRVMSTAR
  +--> ?PR?_MSDRVIP1OFFLINEREADVSYNCWIDTH?DR...
  +--> ?PR?_MSDRVIP1OFFLINEREADHPERIOD?DRVMSTAR
  +--> ?PR?_MSDRVIP1OFFLINESETINPUTSYNCTYPE?...
  +--> ?PR?_MSDRVIP1OFFLINEREADSYNCSTATUS?DR...
  +--> ?PR?_MSDRVIP1OFFLINEREADVTOTAL?DRVMSTAR
  +--> ?PR?_MSDRVPWMENABLESWITCH?DRVGPIO
  +--> ?PR?DRVADCNOUSE?DRVADC
  +--> ?PR?_DRVADC_POWERCTRL?DRVADC
  +--> ?PR?_MAPI_COMBO_GETCOMBOMASK?MAPI_COMBO
  +--> ?PR?_MAPI_COMBO_GETCOMBOTYPE?MAPI_COMBO
  +--> ?PR?_MAPI_COMBO_GETCOMBOINPUTPORT?MAP...
  +--> ?PR?_MCUDMACRC32?MCU
  +--> ?PR?_MCUDMADATATRANSFER?MCU
  +--> ?PR?_MCUDMAMEMORYFILL?MCU
  +--> ?PR?_MCUDMAPATTERNSEARCH?MCU
  +--> ?PR?I2C_INTIAL?I2C
  +--> ?PR?CLEARWDT?MCU
  +--> ?PR?_SETWDTCLK?MCU
  +--> ?PR?_TRIGGERWDT?MCU
  +--> ?PR?_SETSPI_QUAD_EN?MCU

?PR?_MSDRVIP1OFFLINEGETINPUTSYNCTYPE?...         -----    -----      -----    -----      5045H    0005H
  +--> ?PR?DRVMSTAR
  +--> ?PR?_MSREADBYTE?MS_RWREG

?PR?_MSDRVIP1OFFLINEADCGLITCHREMOVAL?...         -----    -----      -----    -----      5045H    0005H
  +--> ?PR?DRVMSTAR
  +--> ?PR?_MSWRITEBYTE?MS_RWREG

?PR?_MSDRVIP1OFFLINEADCSETCOAST?DRVMSTAR         002EH    0005H      -----    -----      5045H    0005H
  +--> ?PR?DRVMSTAR
  +--> ?PR?_MSWRITEBYTE?MS_RWREG

?PR?_MSDRVIP1OFFLINEREADVSYNCWIDTH?DR...         -----    -----      -----    -----      5045H    0005H
BL51 BANKED LINKER/LOCATER V6.22                                                      07/03/2017  18:41:28  PAGE 20


  +--> ?PR?DRVMSTAR
  +--> ?PR?_MSREADBYTE?MS_RWREG

?PR?_MSDRVIP1OFFLINESETINPUTSYNCTYPE?...         -----    -----      -----    -----      5045H    0005H
  +--> ?PR?DRVMSTAR
  +--> ?PR?_MSWRITEBYTE?MS_RWREG

?PR?_MSDRVIP1OFFLINEREADSYNCSTATUS?DR...         -----    -----      -----    -----      5045H    0005H
  +--> ?PR?DRVMSTAR
  +--> ?PR?_MSREADBYTE?MS_RWREG

?PR?_MSDRVPWMENABLESWITCH?DRVGPIO                002EH    0005H      -----    -----      -----    -----
  +--> ?PR?DRVGPIO
  +--> ?PR?_MSWRITEBIT?MS_RWREG

?PR?DRVADCNOUSE?DRVADC                           002EH    0001H      -----    -----      -----    -----
  +--> ?CO?DRVADC

?PR?_DRVADC_POWERCTRL?DRVADC                     002EH    0001H      -----    -----      -----    -----
  +--> ?PR?_MSWRITE2BYTE?MS_RWREG
  +--> ?PR?_MSWRITE2BYTEMASK?MS_RWREG
  +--> ?PR?_MSWRITEBYTEMASK?MS_RWREG
  +--> ?PR?_DELAY1MS?MISC
  +--> ?PR?DRVADC

?PR?I2C_INTIAL?I2C                               002EH    0002H      -----    -----      -----    -----
  +--> ?PR?I2C
  +--> ?PR?_MSWRITEBIT?MS_RWREG
  +--> ?PR?DELAY4US?MISC
  +--> ?PR?I2C_START1?I2C
  +--> ?PR?I2C_STOP?I2C
  +--> ?PR?_FORCEDELAY1MS?MISC
  +--> ?PR?_MEM_MSREAD_BYTE?MS_RWREG

?PR?I2C_START1?I2C                               -----    -----      -----    -----      -----    -----
  +--> ?PR?I2C
  +--> ?PR?_MSWRITEBIT?MS_RWREG
  +--> ?PR?DELAY4US?MISC

?PR?I2C_STOP?I2C                                 -----    -----      -----    -----      -----    -----
  +--> ?PR?I2C
  +--> ?PR?_MSWRITEBIT?MS_RWREG
  +--> ?PR?DELAY4US?MISC

?PR?CLEARWDT?MCU                                 -----    -----      -----    -----      -----    -----
  +--> ?PR?MCU
  +--> ?PR?_MSREADBYTE?MS_RWREG
  +--> ?PR?MSPM_ISSTATE_IDLE?DRVPM
  +--> ?PR?_MSWRITEBIT?MS_RWREG
  +--> ?PR?_MSWRITEBYTE?MS_RWREG

?PR?_SETWDTCLK?MCU                               002EH    0001H      -----    -----      -----    -----
  +--> ?PR?CLEARWDT?MCU
  +--> ?PR?MCU
  +--> ?PR?_MSWRITE4BYTE?MS_RWREG

?PR?_TRIGGERWDT?MCU                              002EH    0002H      -----    -----      -----    -----
BL51 BANKED LINKER/LOCATER V6.22                                                      07/03/2017  18:41:28  PAGE 21


  +--> ?PR?CLEARWDT?MCU
  +--> ?PR?_MSWRITE4BYTE?MS_RWREG

?PR?_SETSPI_QUAD_EN?MCU                          002EH    0001H      -----    -----      -----    -----
  +--> ?PR?MCU
  +--> ?PR?_MSWRITE2BYTE?MS_RWREG
  +--> ?PR?_MSREADBYTE?MS_RWREG

?PR?MSPM_HANDLER?DRVPM                           -----    -----      -----    -----      -----    -----
  +--> ?PR?MSDRVMCU51RESETR2?MCU
  +--> ?PR?_FORCEDELAY1MS?MISC
  +--> ?PR?MSPM_SETPMMODE?DRVPM
  +--> ?PR?MSPM_WAITINGEVENT?DRVPM
  +--> ?PR?MSPM_CHECKAGAIN?DRVPM
  +--> ?PR?DRVPM
  +--> ?PR?_MSWRITEBYTEMASK?MS_RWREG
  +--> ?PR?MSPM_POWERUPMACRO?DRVPM
  +--> ?PR?MSPM_SETSTATUS2SPARE?DRVPM
  +--> ?PR?MSPM_RESETCHIP?DRVPM
  +--> ?PR?MSPM_RESET?DRVPM
  +--> ?PR?MSDRVMCUMAILBOXWRITE?MCU
  +--> ?PR?MSDRVMCU51TOR2?MCU
  +--> ?PR?_MCUSETSYSTEMSPEED?MCU
  +--> ?PR?_MSPM_SETPORTSKIPINDEX?DRVPM
  +--> ?PR?MSPM_SETFLAGDPMS?DRVPM
  +--> ?PR?MSPM_SETFLAGDCOFF?DRVPM
  +--> ?PR?MSDRVMCUMAILBOXREAD?MCU

?PR?MSDRVMCU51RESETR2?MCU                        -----    -----      -----    -----      -----    -----
  +--> ?PR?_MSWRITEBYTEMASK?MS_RWREG
  +--> ?PR?MCU
  +--> ?PR?_MSWRITEBYTE?MS_RWREG

?PR?MSPM_SETSTATUS2SPARE?DRVPM                   -----    -----      -----    -----      -----    -----
  +--> ?PR?DRVPM
  +--> ?PR?_MSWRITEBYTEMASK?MS_RWREG

?PR?MSPM_RESETCHIP?DRVPM                         002EH    0001H      -----    -----      -----    -----
  +--> ?PR?DRVPM
  +--> ?PR?_MSREADBYTE?MS_RWREG
  +--> ?PR?_MSWRITEBYTEMASK?MS_RWREG
  +--> ?PR?_DELAY1MS?MISC

?PR?MSPM_SETFLAGDPMS?DRVPM                       -----    -----      -----    -----      -----    -----
  +--> ?PR?DRVPM

?PR?DEBUGHANDLER?DEBUG                           -----    -----      -----    -----      -----    -----
  +--> ?PR?GETCOMMAND?DEBUG
  +--> ?PR?PROCESSCOMMAND?DEBUG

?PR?PROCESSCOMMAND?DEBUG                         002EH    0002H      -----    -----      -----    -----
  +--> ?PR?DI2C_INTIAL?DEBUG
  +--> ?PR?DEBUG
  +--> ?PR?_PUTSIOCHAR?DEBUG
  +--> ?PR?EXECTESTCOMMAND?DEBUG
  +--> ?PR?_NVRAM_WRITEBYTE?NVRAM
  +--> ?PR?_NVRAM_READBYTE?NVRAM
BL51 BANKED LINKER/LOCATER V6.22                                                      07/03/2017  18:41:28  PAGE 22


  +--> ?PR?_I2CWRITEBYTE?DEBUG
  +--> ?PR?_I2CREADBYTE?DEBUG

?PR?DI2C_INTIAL?DEBUG                            0030H    0002H      -----    -----      -----    -----
  +--> ?PR?DEBUG
  +--> ?PR?_MSWRITEBIT?MS_RWREG
  +--> ?PR?DELAY4US?MISC
  +--> ?PR?DI2C_START1?DEBUG
  +--> ?PR?DI2C_STOP?DEBUG
  +--> ?PR?_FORCEDELAY1MS?MISC
  +--> ?PR?_MEM_MSREAD_BYTE?MS_RWREG

?PR?DI2C_START1?DEBUG                            -----    -----      -----    -----      -----    -----
  +--> ?PR?DEBUG
  +--> ?PR?_MSWRITEBIT?MS_RWREG
  +--> ?PR?DELAY4US?MISC

?PR?DI2C_STOP?DEBUG                              -----    -----      -----    -----      -----    -----
  +--> ?PR?DEBUG
  +--> ?PR?_MSWRITEBIT?MS_RWREG
  +--> ?PR?DELAY4US?MISC

?PR?EXECTESTCOMMAND?DEBUG                        0030H    0004H      -----    -----      -----    -----
  +--> ?PR?_MCUSETSPISPEED?MCU
  +--> ?PR?_NVRAM_WRITEWORD?NVRAM
  +--> ?PR?DEBUG
  +--> ?PR?_NVRAM_READTBL?NVRAM
  +--> ?PR?_MSWRITEBIT?MS_RWREG
  +--> ?PR?_NVRAM_WRITETBL?NVRAM

?PR?_NVRAM_WRITEWORD?NVRAM                       0034H    0004H      -----    -----      -----    -----
  +--> ?PR?NVRAM
  +--> ?PR?_MSWRITEBIT?MS_RWREG
  +--> ?PR?_I2C_WRITETBL?I2C

?PR?_I2C_WRITETBL?I2C                            003BH    0010H      -----    -----      -----    -----
  +--> ?PR?_I2C_MASTERSTART?I2C
  +--> ?PR?_I2C_BURSTWRITE?I2C
  +--> ?PR?I2C
  +--> ?PR?I2C_STOP?I2C
  +--> ?PR?_FORCEDELAYNVRAM?I2C

?PR?_I2C_MASTERSTART?I2C                         004BH    0003H      -----    -----      -----    -----
  +--> ?PR?I2C_START?I2C
  +--> ?PR?_I2C_SENDBYTE?I2C
  +--> ?PR?I2C_STOP?I2C
  +--> ?PR?_DELAY1MS?MISC

?PR?I2C_START?I2C                                -----    -----      -----    -----      -----    -----
  +--> ?PR?I2C
  +--> ?PR?_MSWRITEBIT?MS_RWREG
  +--> ?PR?_MEM_MSREAD_BYTE?MS_RWREG
  +--> ?PR?DELAY4US?MISC

?PR?_I2C_SENDBYTE?I2C                            004FH    0003H      -----    -----      -----    -----
  +--> ?PR?I2C
  +--> ?PR?_MSWRITEBIT?MS_RWREG
BL51 BANKED LINKER/LOCATER V6.22                                                      07/03/2017  18:41:28  PAGE 23


  +--> ?PR?DELAY4US?MISC
  +--> ?PR?WAIT_I2C_ACK?I2C

?PR?WAIT_I2C_ACK?I2C                             0052H    0001H      -----    -----      -----    -----
  +--> ?PR?DELAY4US?MISC
  +--> ?PR?I2C
  +--> ?PR?_MEM_MSREAD_BYTE?MS_RWREG

?PR?_I2C_BURSTWRITE?I2C                          004BH    0004H      -----    -----      -----    -----
  +--> ?PR?_I2C_SENDBYTE?I2C

?PR?_NVRAM_READTBL?NVRAM                         0034H    0007H      -----    -----      -----    -----
  +--> ?PR?_I2C_READTBL?I2C

?PR?_I2C_READTBL?I2C                             003BH    000CH      -----    -----      -----    -----
  +--> ?PR?_I2C_MASTERSTART?I2C
  +--> ?PR?_FORCEDELAYNVRAM?I2C
  +--> ?PR?I2C_STOP?I2C
  +--> ?PR?_I2C_BURSTWRITE?I2C
  +--> ?PR?_I2C_BURSTREAD?I2C

?PR?_I2C_BURSTREAD?I2C                           0047H    0005H      -----    -----      -----    -----
  +--> ?PR?I2C_STOP?I2C
  +--> ?PR?_I2C_RECEIVEBYTE?I2C

?PR?_I2C_RECEIVEBYTE?I2C                         004CH    0003H      -----    -----      -----    -----
  +--> ?PR?I2C
  +--> ?PR?_MEM_MSREAD_BYTE?MS_RWREG
  +--> ?PR?_MSWRITEBIT?MS_RWREG
  +--> ?PR?DELAY4US?MISC

?PR?_NVRAM_WRITETBL?NVRAM                        0034H    0007H      -----    -----      -----    -----
  +--> ?PR?NVRAM
  +--> ?PR?_MSWRITEBIT?MS_RWREG
  +--> ?PR?_I2C_WRITETBL?I2C

?PR?_NVRAM_WRITEBYTE?NVRAM                       0030H    0003H      -----    -----      -----    -----
  +--> ?PR?NVRAM
  +--> ?PR?_MSWRITEBIT?MS_RWREG
  +--> ?PR?_I2C_WRITETBL?I2C

?PR?_NVRAM_READBYTE?NVRAM                        -----    -----      -----    -----      -----    -----
  +--> ?PR?_I2C_READTBL?I2C

?PR?_I2CWRITEBYTE?DEBUG                          0030H    0001H      -----    -----      -----    -----
  +--> ?PR?_I2CBURSTWRITEBYTES?DEBUG

?PR?_I2CBURSTWRITEBYTES?DEBUG                    0031H    0007H      -----    -----      -----    -----
  +--> ?PR?_I2C_ACCESSSTART?DEBUG
  +--> ?PR?_DI2C_SENDBYTE?DEBUG
  +--> ?PR?DI2C_STOP?DEBUG

?PR?_I2C_ACCESSSTART?DEBUG                       0038H    0002H      -----    -----      -----    -----
  +--> ?PR?DI2C_START?DEBUG
  +--> ?PR?_DI2C_SENDBYTE?DEBUG
  +--> ?PR?DI2C_STOP?DEBUG
  +--> ?PR?_DELAY1MS?MISC
BL51 BANKED LINKER/LOCATER V6.22                                                      07/03/2017  18:41:28  PAGE 24



?PR?DI2C_START?DEBUG                             -----    -----      -----    -----      -----    -----
  +--> ?PR?DEBUG
  +--> ?PR?_MSWRITEBIT?MS_RWREG
  +--> ?PR?_MEM_MSREAD_BYTE?MS_RWREG
  +--> ?PR?DELAY4US?MISC

?PR?_DI2C_SENDBYTE?DEBUG                         003AH    0003H      -----    -----      -----    -----
  +--> ?PR?DEBUG
  +--> ?PR?_MSWRITEBIT?MS_RWREG
  +--> ?PR?DELAY4US?MISC
  +--> ?PR?DWAIT_I2C_ACK?DEBUG

?PR?DWAIT_I2C_ACK?DEBUG                          003DH    0001H      -----    -----      -----    -----
  +--> ?PR?DEBUG
  +--> ?PR?_MEM_MSREAD_BYTE?MS_RWREG
  +--> ?PR?DELAY4US?MISC

?PR?_I2CREADBYTE?DEBUG                           0030H    0001H      -----    -----      -----    -----
  +--> ?PR?_I2CBURSTREADBYTES?DEBUG

?PR?_I2CBURSTREADBYTES?DEBUG                     0031H    0007H      -----    -----      -----    -----
  +--> ?PR?_I2C_ACCESSSTART?DEBUG
  +--> ?PR?_DI2C_SENDBYTE?DEBUG
  +--> ?PR?_DI2C_RECEIVEBYTE?DEBUG
  +--> ?PR?DEBUG
  +--> ?PR?DI2C_STOP?DEBUG

?PR?_DI2C_RECEIVEBYTE?DEBUG                      0038H    0003H      -----    -----      -----    -----
  +--> ?PR?DEBUG
  +--> ?PR?_MEM_MSREAD_BYTE?MS_RWREG
  +--> ?PR?_MSWRITEBIT?MS_RWREG
  +--> ?PR?DELAY4US?MISC



INTERBANK CALL TABLE OF MODULE:  .\Obj\TSUM (COMMON)

ADDRESS    FUNCTION NAME
------------------------
 1422H     DELAY4US
 1427H     _FORCEDELAY1MS
 142CH     _DELAY1MS
 1431H     MAIN



SYMBOL TABLE OF MODULE:  .\Obj\TSUM (COMMON)

  VALUE           TYPE          NAME
  ----------------------------------

  -------         MODULE        COMMON
  C:0000H         SYMBOL        _ICE_DUMMY_
  D:0080H         PUBLIC        P0
  D:0090H         PUBLIC        P1
  D:00A0H         PUBLIC        P2
BL51 BANKED LINKER/LOCATER V6.22                                                      07/03/2017  18:41:28  PAGE 25


  D:00B0H         PUBLIC        P3
  D:00A8H         PUBLIC        IE
  D:00B8H         PUBLIC        IP
  D:0098H         PUBLIC        SCON
  D:0088H         PUBLIC        TCON
  D:00C8H         PUBLIC        T2CON
  D:00D0H         PUBLIC        PSW
  -------         ENDMOD        COMMON

  -------         MODULE        ISR
  C:0000H         SYMBOL        _ICE_DUMMY_
  D:0080H         PUBLIC        P0
  D:0090H         PUBLIC        P1
  D:00A0H         PUBLIC        P2
  D:00B0H         PUBLIC        P3
  D:00A8H         PUBLIC        IE
  C:1209H         PUBLIC        Time0Interrupt
  C:1CBBH         PUBLIC        Time1Interrupt
  D:00B8H         PUBLIC        IP
  B:0098H.0       PUBLIC        RI
  B:0098H.1       PUBLIC        TI
  D:0099H         PUBLIC        SBUF
  D:0098H         PUBLIC        SCON
  D:0088H         PUBLIC        TCON
  B:0088H.1       PUBLIC        IE0
  B:0088H.3       PUBLIC        IE1
  B:0088H.5       PUBLIC        TF0
  D:008CH         PUBLIC        TH0
  D:008DH         PUBLIC        TH1
  D:008AH         PUBLIC        TL0
  D:008BH         PUBLIC        TL1
  C:1A08H         PUBLIC        SerialPortInterrupt
  D:00C8H         PUBLIC        T2CON
  C:1B10H         PUBLIC        EXT0Interrupt
  C:194DH         PUBLIC        EXT1Interrupt
  C:0007H         PUBLIC        EXT2Interrupt
  C:0006H         PUBLIC        EXT3Interrupt
  D:00D0H         PUBLIC        PSW
  C:1F2AH         SYMBOL        Com0023
  C:1F2AH         SYMBOL        L?0036
  C:1F34H         SYMBOL        L?0037
  C:1F36H         SYMBOL        L?0038
  -------         PROC          COM0023
  -------         ENDPROC       COM0023
  -------         PROC          EXT0INTERRUPT
  -------         DO            
  D:0007H         SYMBOL        ucStatus
  D:0022H         SYMBOL        ucP2BK
  -------         ENDDO         
  C:1B10H         LINE#         90
  C:1B2DH         LINE#         97
  C:1B30H         LINE#         99
  C:1B36H         LINE#         100
  C:1B41H         LINE#         140
  C:1B44H         LINE#         142
  C:1B46H         LINE#         143
  -------         ENDPROC       EXT0INTERRUPT
BL51 BANKED LINKER/LOCATER V6.22                                                      07/03/2017  18:41:28  PAGE 26


  -------         PROC          TIME0INTERRUPT
  C:1209H         LINE#         156
  C:1220H         LINE#         161
  C:1223H         LINE#         162
  C:1226H         LINE#         164
  C:122EH         LINE#         196
  C:1231H         LINE#         197
  C:123EH         LINE#         198
  C:1240H         LINE#         200
  C:1246H         LINE#         201
  C:1248H         LINE#         203
  C:124EH         LINE#         204
  C:1250H         LINE#         207
  C:1256H         LINE#         208
  C:1258H         LINE#         209
  C:1262H         LINE#         210
  C:1270H         LINE#         212
  C:127AH         LINE#         213
  C:1288H         LINE#         215
  C:1288H         LINE#         216
  C:1288H         LINE#         217
  C:1288H         LINE#         219
  C:128EH         LINE#         220
  C:128EH         LINE#         221
  C:1290H         LINE#         222
  C:1296H         LINE#         223
  C:1296H         LINE#         225
  C:129FH         LINE#         226
  C:129FH         LINE#         227
  C:12A1H         LINE#         233
  C:12A9H         LINE#         234
  C:12A9H         LINE#         235
  C:12ABH         LINE#         237
  C:12BAH         LINE#         238
  C:12BAH         LINE#         239
  C:12BCH         LINE#         240
  C:12BCH         LINE#         241
  C:12BCH         LINE#         243
  C:12BCH         LINE#         244
  C:12BCH         LINE#         249
  C:12BCH         LINE#         250
  C:12BCH         LINE#         252
  C:12BFH         LINE#         253
  C:12BFH         LINE#         254
  C:12C2H         LINE#         255
  C:12C5H         LINE#         256
  C:12C5H         LINE#         258
  C:12C7H         LINE#         260
  -------         ENDPROC       TIME0INTERRUPT
  -------         PROC          EXT1INTERRUPT
  -------         DO            
  D:0027H         SYMBOL        ucStatus_002B38
  D:0028H         SYMBOL        ucStatus_002B18
  D:0029H         SYMBOL        ucP2BK
  -------         ENDDO         
  C:194DH         LINE#         263
  C:196AH         LINE#         268
BL51 BANKED LINKER/LOCATER V6.22                                                      07/03/2017  18:41:28  PAGE 27


  C:196DH         LINE#         271
  C:1975H         LINE#         272
  C:197FH         LINE#         278
  C:197FH         LINE#         279
  C:197FH         LINE#         296
  C:197FH         LINE#         310
  C:198BH         LINE#         314
  C:198DH         LINE#         316
  C:1990H         LINE#         317
  -------         ENDPROC       EXT1INTERRUPT
  -------         PROC          TIME1INTERRUPT
  C:1CBBH         LINE#         322
  C:1CC3H         LINE#         324
  C:1CC3H         LINE#         325
  C:1CC6H         LINE#         326
  C:1CC9H         LINE#         327
  C:1CC9H         LINE#         330
  C:1CD7H         LINE#         331
  C:1CDEH         LINE#         332
  C:1CDEH         LINE#         333
  C:1CE3H         LINE#         334
  C:1CEDH         LINE#         335
  C:1CEDH         LINE#         336
  -------         ENDPROC       TIME1INTERRUPT
  -------         PROC          SERIALPORTINTERRUPT
  -------         DO            
  D:0007H         SYMBOL        sioData
  -------         ENDDO         
  C:1A08H         LINE#         339
  C:1A17H         LINE#         343
  C:1A1AH         LINE#         344
  C:1A1AH         LINE#         345
  C:1A1CH         LINE#         346
  C:1A1EH         LINE#         347
  C:1A27H         LINE#         348
  C:1A27H         LINE#         349
  C:1A37H         LINE#         350
  C:1A48H         LINE#         351
  C:1A4DH         LINE#         353
  C:1A50H         LINE#         354
  C:1A50H         LINE#         355
  C:1A50H         LINE#         356
  C:1A53H         LINE#         357
  C:1A53H         LINE#         358
  C:1A55H         LINE#         359
  C:1A57H         LINE#         360
  C:1A57H         LINE#         361
  -------         ENDPROC       SERIALPORTINTERRUPT
  -------         PROC          EXT3INTERRUPT
  C:0006H         LINE#         399
  C:0006H         LINE#         402
  -------         ENDPROC       EXT3INTERRUPT
  -------         PROC          EXT2INTERRUPT
  C:0007H         LINE#         404
  C:0007H         LINE#         407
  -------         ENDPROC       EXT2INTERRUPT
  -------         ENDMOD        ISR
BL51 BANKED LINKER/LOCATER V6.22                                                      07/03/2017  18:41:28  PAGE 28



  -------         MODULE        MS_RWREG
  C:0000H         SYMBOL        _ICE_DUMMY_
  D:0080H         PUBLIC        P0
  D:0090H         PUBLIC        P1
  D:00A0H         PUBLIC        P2
  D:00B0H         PUBLIC        P3
  C:1C3FH         PUBLIC        _msWriteByte
  D:00A8H         PUBLIC        IE
  C:15E8H         PUBLIC        _msWriteBit
  C:17E1H         PUBLIC        _MEM_MSREAD_BYTE
  C:16EEH         PUBLIC        _msWriteByteMask
  C:1EFCH         PUBLIC        _MEM_MSREAD_BYTE_EXT0
  C:1F13H         PUBLIC        _MEM_MSREAD_BYTE_EXT1
  D:00B8H         PUBLIC        IP
  C:1E2BH         PUBLIC        _msRead2Byte
  D:0098H         PUBLIC        SCON
  D:0088H         PUBLIC        TCON
  C:1EB2H         PUBLIC        _msWrite2Byte
  C:1BAFH         PUBLIC        _msWrite3Byte
  C:176CH         PUBLIC        _msWrite4Byte
  C:1E59H         PUBLIC        _msWrite2ByteMask
  I:0082H         PUBLIC        g_u16RIUReqCnt
  D:00C8H         PUBLIC        T2CON
  C:1B61H         PUBLIC        _msReadByte
  D:00D0H         PUBLIC        PSW
  C:187BH         SYMBOL        Com0039
  C:187BH         SYMBOL        L?0058
  C:187BH         SYMBOL        L?0059
  C:187EH         SYMBOL        L?0060
  C:1888H         SYMBOL        L?0061
  C:1896H         SYMBOL        L?0062
  C:1896H         SYMBOL        L?0063
  C:18A4H         SYMBOL        L?0064
  C:18A4H         SYMBOL        L?0065
  C:18ADH         SYMBOL        L?0066
  C:18BBH         SYMBOL        L?0067
  C:18C9H         SYMBOL        L?0068
  C:18D6H         SYMBOL        L?0069
  C:18D6H         SYMBOL        L?0070
  C:18DDH         SYMBOL        L?0071
  -------         PROC          COM0039
  -------         ENDPROC       COM0039
  -------         PROC          _MSREADBYTE
  D:0068H         SYMBOL        u32Reg
  -------         DO            
  D:006CH         SYMBOL        ucdata
  -------         ENDDO         
  C:1B61H         LINE#         276
  C:1B69H         LINE#         277
  C:1B69H         LINE#         278
  C:1B72H         LINE#         280
  C:1B79H         LINE#         281
  C:1B79H         LINE#         283
  C:1B7AH         LINE#         284
  C:1B7AH         LINE#         286
  C:1B83H         LINE#         287
BL51 BANKED LINKER/LOCATER V6.22                                                      07/03/2017  18:41:28  PAGE 29


  C:1B89H         LINE#         288
  C:1B89H         LINE#         289
  C:1B99H         LINE#         290
  C:1B99H         LINE#         291
  C:1BAAH         LINE#         292
  C:1BACH         LINE#         293
  C:1BAEH         LINE#         295
  -------         ENDPROC       _MSREADBYTE
  -------         PROC          _MSWRITEBYTE
  D:006AH         SYMBOL        u32Reg
  D:006EH         SYMBOL        u8Val
  C:1C3FH         LINE#         296
  C:1C47H         LINE#         297
  C:1C47H         LINE#         298
  C:1C4DH         LINE#         299
  C:1C4DH         LINE#         302
  C:1C4DH         LINE#         304
  C:1C56H         LINE#         305
  C:1C5CH         LINE#         306
  C:1C5CH         LINE#         307
  C:1C6CH         LINE#         308
  C:1C6FH         LINE#         309
  C:1C71H         LINE#         311
  C:1C7AH         LINE#         312
  C:1C7DH         LINE#         313
  -------         ENDPROC       _MSWRITEBYTE
  -------         PROC          _MSWRITEBIT
  D:0062H         SYMBOL        u32Reg
  D:0066H         SYMBOL        bBit
  D:0067H         SYMBOL        u8BitPos
  -------         DO            
  D:0003H         SYMBOL        u8Value
  -------         DO            
  I:007CH         SYMBOL        u16Timeout
  -------         ENDDO         
  -------         ENDDO         
  C:15E8H         LINE#         315
  C:15F0H         LINE#         316
  C:15F0H         LINE#         319
  C:1622H         LINE#         320
  C:162FH         LINE#         321
  C:1633H         LINE#         322
  C:1633H         LINE#         323
  C:1637H         LINE#         324
  C:1639H         LINE#         326
  C:1639H         LINE#         327
  C:163EH         LINE#         328
  C:163EH         LINE#         329
  C:164BH         LINE#         330
  C:166CH         LINE#         331
  -------         ENDPROC       _MSWRITEBIT
  -------         PROC          _MSREAD2BYTE
  D:0048H         SYMBOL        u32RegLoAddr
  C:1E2BH         LINE#         334
  C:1E33H         LINE#         335
  C:1E33H         LINE#         336
  C:1E58H         LINE#         337
BL51 BANKED LINKER/LOCATER V6.22                                                      07/03/2017  18:41:28  PAGE 30


  -------         ENDPROC       _MSREAD2BYTE
  -------         PROC          _MSWRITE2BYTE
  D:004CH         SYMBOL        u32RegLoAddr
  D:0050H         SYMBOL        u16Value
  C:1EB2H         LINE#         353
  C:1EBAH         LINE#         354
  C:1EBAH         LINE#         355
  C:1EC0H         LINE#         356
  -------         ENDPROC       _MSWRITE2BYTE
  -------         PROC          _MSWRITEBYTEMASK
  D:0062H         SYMBOL        u32Reg
  D:0066H         SYMBOL        u8Value
  D:0067H         SYMBOL        u8Mask
  -------         DO            
  I:007CH         SYMBOL        u16Timeout
  -------         ENDDO         
  C:16EEH         LINE#         358
  C:16F6H         LINE#         359
  C:16F6H         LINE#         360
  C:1728H         LINE#         361
  C:174AH         LINE#         362
  C:176BH         LINE#         363
  -------         ENDPROC       _MSWRITEBYTEMASK
  -------         PROC          _MSWRITE2BYTEMASK
  D:0047H         SYMBOL        u32RegLoAddr
  D:004BH         SYMBOL        u16Value
  D:004DH         SYMBOL        u16Mask
  C:1E59H         LINE#         366
  C:1E61H         LINE#         367
  C:1E61H         LINE#         368
  C:1E6AH         LINE#         369
  -------         ENDPROC       _MSWRITE2BYTEMASK
  -------         PROC          _MSWRITE3BYTE
  D:002FH         SYMBOL        u32RegLoAddr
  D:0033H         SYMBOL        u32Value
[...]
BL51 BANKED LINKER/LOCATER V6.22                                                      07/03/2017  18:41:28  PAGE 136


 C0:7A69H         LINE#         2208
 C0:7A78H         LINE#         2210
  -------         ENDPROC       MSPM_SETSTATUS2SPARE

  -------         PROC BANK=0   MSPM_RESET
  -------         DO            
  D:0030H         SYMBOL        ucStatus
  -------         ENDDO         
 C0:7983H         LINE#         2222
 C0:7983H         LINE#         2223
 C0:7983H         LINE#         2224
 C0:7986H         LINE#         2241
 C0:7992H         LINE#         2242
 C0:7997H         LINE#         2243
 C0:79A3H         LINE#         2244
 C0:79A8H         LINE#         2245
 C0:79ABH         LINE#         2248
 C0:79B0H         LINE#         2250
 C0:79B3H         LINE#         2252
 C0:79B5H         LINE#         2253
  -------         ENDPROC       MSPM_RESET

  -------         PROC BANK=0   _MSPM_INTERRUPTENABLE
  D:0007H         SYMBOL        benable
 C0:000AH         LINE#         2258
 C0:000AH         LINE#         2259
 C0:000AH         LINE#         2260
 C0:000AH         LINE#         2261
 C0:000AH         LINE#         2263
  -------         ENDPROC       _MSPM_INTERRUPTENABLE

  -------         PROC BANK=0   _ISHVSYNCACTIVE
  D:0007H         SYMBOL        count
  -------         DO            
  X:5045H         SYMBOL        u8Rlt
  X:5046H         SYMBOL        u16InputValue
  X:5048H         SYMBOL        check_cnt
  -------         ENDDO         
 C0:7C1EH         LINE#         2268
 C0:7C1EH         LINE#         2269
 C0:7C1EH         LINE#         2270
 C0:7C23H         LINE#         2274
 C0:7C2FH         LINE#         2275
 C0:7C2FH         LINE#         2276
 C0:7C36H         LINE#         2277
 C0:7C3DH         LINE#         2293
 C0:7C3DH         LINE#         2294
 C0:7C3DH         LINE#         2296
 C0:7C42H         LINE#         2297
  -------         ENDPROC       _ISHVSYNCACTIVE

  -------         PROC BANK=0   MSPM_CHECKDVISYNCACTIVE
  -------         DO            
  D:0030H         SYMBOL        count
  X:5045H         SYMBOL        u16Hperiod
  X:5047H         SYMBOL        u16Vtotal
  -------         ENDDO         
BL51 BANKED LINKER/LOCATER V6.22                                                      07/03/2017  18:41:28  PAGE 137


 C0:5051H         LINE#         2367
 C0:5051H         LINE#         2368
 C0:5051H         LINE#         2369
 C0:5057H         LINE#         2376
 C0:5063H         LINE#         2377
 C0:506AH         LINE#         2379
 C0:506FH         LINE#         2380
 C0:507AH         LINE#         2381
 C0:507AH         LINE#         2382
 C0:5083H         LINE#         2383
 C0:5083H         LINE#         2384
 C0:5088H         LINE#         2385
 C0:508CH         LINE#         2386
 C0:508EH         LINE#         2388
 C0:508EH         LINE#         2389
 C0:5093H         LINE#         2390
 C0:5097H         LINE#         2391
 C0:5097H         LINE#         2392
 C0:5099H         LINE#         2394
 C0:5099H         LINE#         2395
 C0:50ABH         LINE#         2396
 C0:50ABH         LINE#         2398
 C0:50AEH         LINE#         2400
 C0:50B8H         LINE#         2417
 C0:50B8H         LINE#         2418
 C0:50C5H         LINE#         2419
 C0:50D2H         LINE#         2421
 C0:50EBH         LINE#         2422
 C0:50EBH         LINE#         2423
 C0:5102H         LINE#         2424
 C0:5102H         LINE#         2426
 C0:5105H         LINE#         2427
 C0:5105H         LINE#         2428
 C0:5105H         LINE#         2430
 C0:512FH         LINE#         2431
 C0:512FH         LINE#         2432
 C0:5132H         LINE#         2433
 C0:5132H         LINE#         2435
 C0:5139H         LINE#         2436
 C0:5141H         LINE#         2437
 C0:514FH         LINE#         2443
 C0:5151H         LINE#         2445
  -------         ENDPROC       MSPM_CHECKDVISYNCACTIVE

  -------         PROC BANK=0   MSPM_CHECKMCCSACTIVE
  -------         DO            
  D:0007H         SYMBOL        bExitPM
  -------         ENDDO         
 C0:73CFH         LINE#         2479
 C0:73CFH         LINE#         2480
 C0:73CFH         LINE#         2481
 C0:73D1H         LINE#         2482
 C0:73E6H         LINE#         2484
 C0:73E6H         LINE#         2485
 C0:73E8H         LINE#         2486
 C0:73EAH         LINE#         2487
 C0:73F5H         LINE#         2488
BL51 BANKED LINKER/LOCATER V6.22                                                      07/03/2017  18:41:28  PAGE 138


 C0:73F5H         LINE#         2489
 C0:73F8H         LINE#         2490
 C0:73FBH         LINE#         2491
 C0:73FDH         LINE#         2492
 C0:73FFH         LINE#         2493
 C0:740EH         LINE#         2494
 C0:740EH         LINE#         2495
 C0:740EH         LINE#         2497
 C0:740EH         LINE#         2498
 C0:7410H         LINE#         2499
 C0:7410H         LINE#         2501
 C0:7410H         LINE#         2502
  -------         ENDPROC       MSPM_CHECKMCCSACTIVE

  -------         PROC BANK=0   MSPM_CHECKPOWERKEYACTIVE
  -------         DO            
  D:0007H         SYMBOL        bExitPM
  -------         ENDDO         
 C0:7D5DH         LINE#         2503
 C0:7D5DH         LINE#         2504
 C0:7D5DH         LINE#         2505
 C0:7D5FH         LINE#         2509
 C0:7D66H         LINE#         2510
 C0:7D66H         LINE#         2511
 C0:7D69H         LINE#         2512
 C0:7D6CH         LINE#         2531
 C0:7D6EH         LINE#         2532
 C0:7D70H         LINE#         2533
 C0:7D77H         LINE#         2534
 C0:7D77H         LINE#         2535
 C0:7D79H         LINE#         2536
 C0:7D79H         LINE#         2537
 C0:7D79H         LINE#         2557
 C0:7D79H         LINE#         2558
  -------         ENDPROC       MSPM_CHECKPOWERKEYACTIVE

  -------         PROC BANK=0   _MSPM_GETDPSQUELCH
  D:0034H         SYMBOL        u8ComboPort
  D:0035H         SYMBOL        u16Times
  -------         DO            
  D:0037H         SYMBOL        bResult
  -------         ENDDO         
 C0:7849H         LINE#         2561
 C0:784FH         LINE#         2562
 C0:784FH         LINE#         2563
 C0:7852H         LINE#         2564
 C0:785FH         LINE#         2565
 C0:785FH         LINE#         2566
 C0:7862H         LINE#         2567
 C0:786BH         LINE#         2568
 C0:786BH         LINE#         2569
 C0:786BH         LINE#         2570
 C0:786BH         LINE#         2571
 C0:786BH         LINE#         2572
 C0:786BH         LINE#         2573
 C0:786BH         LINE#         2574
 C0:786BH         LINE#         2575
BL51 BANKED LINKER/LOCATER V6.22                                                      07/03/2017  18:41:28  PAGE 139


 C0:7875H         LINE#         2576
 C0:7878H         LINE#         2577
 C0:7878H         LINE#         2578
 C0:7878H         LINE#         2579
 C0:7878H         LINE#         2580
 C0:7878H         LINE#         2581
 C0:787CH         LINE#         2582
 C0:787CH         LINE#         2585
 C0:787EH         LINE#         2587
  -------         ENDPROC       _MSPM_GETDPSQUELCH
 C0:6F98H         SYMBOL        L?0607

  -------         PROC BANK=0   MSPM_CHECKDPACTIVE
  -------         DO            
  D:0030H         SYMBOL        bExitPM
  D:0031H         SYMBOL        u16Times
  -------         ENDDO         
 C0:6F50H         LINE#         2591
 C0:6F50H         LINE#         2592
 C0:6F50H         LINE#         2593
 C0:6F53H         LINE#         2594
 C0:6F56H         LINE#         2597
 C0:6F64H         LINE#         2598
 C0:6F66H         LINE#         2601
 C0:6F6DH         LINE#         2602
 C0:6F6DH         LINE#         2603
 C0:6F70H         LINE#         2604
 C0:6F77H         LINE#         2605
 C0:6F7EH         LINE#         2606
 C0:6F7EH         LINE#         2607
 C0:6F86H         LINE#         2608
 C0:6F88H         LINE#         2609
 C0:6F8DH         LINE#         2610
 C0:6F92H         LINE#         2611
 C0:6F92H         LINE#         2613
 C0:6F92H         LINE#         2615
 C0:6F92H         LINE#         2616
 C0:6F95H         LINE#         2617
 C0:6F95H         LINE#         2618
 C0:6F95H         LINE#         2619
 C0:6F95H         LINE#         2620
 C0:6F95H         LINE#         2624
 C0:6F97H         LINE#         2627
  -------         ENDPROC       MSPM_CHECKDPACTIVE

  -------         PROC BANK=0   MSPM_CHECKAGAIN
  -------         DO            
  D:002FH         SYMBOL        bExitPM
  -------         ENDDO         
 C0:5C2FH         LINE#         2630
 C0:5C2FH         LINE#         2631
 C0:5C2FH         LINE#         2632
 C0:5C32H         LINE#         2635
 C0:5C3EH         LINE#         2636
 C0:5C45H         LINE#         2637
 C0:5C4AH         LINE#         2638
 C0:5C56H         LINE#         2639
BL51 BANKED LINKER/LOCATER V6.22                                                      07/03/2017  18:41:28  PAGE 140


 C0:5C62H         LINE#         2640
 C0:5C67H         LINE#         2653
 C0:5C67H         LINE#         2656
 C0:5C6EH         LINE#         2657
 C0:5C6EH         LINE#         2659
 C0:5C74H         LINE#         2660
 C0:5C76H         LINE#         2665
 C0:5C7EH         LINE#         2666
 C0:5C7EH         LINE#         2687
 C0:5C7EH         LINE#         2690
 C0:5C80H         LINE#         2691
 C0:5C89H         LINE#         2692
 C0:5C89H         LINE#         2693
 C0:5C8FH         LINE#         2694
 C0:5C8FH         LINE#         2695
 C0:5C91H         LINE#         2696
 C0:5C9DH         LINE#         2697
 C0:5C9DH         LINE#         2698
 C0:5CA3H         LINE#         2699
 C0:5CA5H         LINE#         2701
 C0:5CA5H         LINE#         2702
 C0:5CA7H         LINE#         2704
 C0:5CAEH         LINE#         2705
 C0:5CAEH         LINE#         2708
 C0:5CB4H         LINE#         2709
 C0:5CB6H         LINE#         2711
 C0:5CB6H         LINE#         2715
 C0:5CB8H         LINE#         2718
 C0:5CBFH         LINE#         2719
 C0:5CBFH         LINE#         2720
 C0:5CC5H         LINE#         2721
 C0:5CC5H         LINE#         2722
 C0:5CC8H         LINE#         2723
 C0:5CCEH         LINE#         2724
 C0:5CD0H         LINE#         2726
 C0:5CD0H         LINE#         2727
 C0:5CD2H         LINE#         2753
 C0:5CD9H         LINE#         2754
 C0:5CD9H         LINE#         2755
 C0:5CDCH         LINE#         2757
 C0:5CDEH         LINE#         2759
 C0:5CE1H         LINE#         2763
 C0:5CE3H         LINE#         2764
  -------         ENDPROC       MSPM_CHECKAGAIN

  -------         PROC BANK=0   MSPM_SCANADCCH
  -------         DO            
  D:0007H         SYMBOL        channel
  -------         ENDDO         
 C0:787FH         LINE#         2766
 C0:787FH         LINE#         2767
 C0:787FH         LINE#         2770
 C0:7885H         LINE#         2771
 C0:7885H         LINE#         2772
 C0:7892H         LINE#         2773
 C0:78A1H         LINE#         2774
 C0:78AEH         LINE#         2775
BL51 BANKED LINKER/LOCATER V6.22                                                      07/03/2017  18:41:28  PAGE 141


 C0:78B4H         LINE#         2776
 C0:78B4H         LINE#         2777
  -------         ENDPROC       MSPM_SCANADCCH

  -------         PROC BANK=0   MSPM_WAITINGEVENT
  -------         DO            
  D:002FH         SYMBOL        u8KeypadStatus
  -------         ENDDO         
 C0:6BECH         LINE#         2789
 C0:6BECH         LINE#         2790
 C0:6BECH         LINE#         2792
 C0:6BEFH         LINE#         2797
 C0:6BEFH         LINE#         2798
 C0:6BEFH         LINE#         2799
 C0:6BF2H         LINE#         2836
 C0:6BF5H         LINE#         2845
 C0:6BFBH         LINE#         2846
 C0:6BFBH         LINE#         2848
 C0:6BFBH         LINE#         2849
 C0:6BFBH         LINE#         2855
 C0:6C05H         LINE#         2857
 C0:6C07H         LINE#         2858
 C0:6C07H         LINE#         2890
 C0:6C0AH         LINE#         2891
 C0:6C0AH         LINE#         2892
 C0:6C18H         LINE#         2893
 C0:6C18H         LINE#         2894
 C0:6C18H         LINE#         2895
 C0:6C18H         LINE#         2897
 C0:6C1AH         LINE#         2898
 C0:6C1AH         LINE#         2900
 C0:6C1AH         LINE#         2901
 C0:6C1FH         LINE#         2902
 C0:6C1FH         LINE#         2903
 C0:6C27H         LINE#         2904
 C0:6C27H         LINE#         2905
 C0:6C27H         LINE#         2906
 C0:6C2CH         LINE#         2908
 C0:6C2DH         LINE#         2909
 C0:6C2DH         LINE#         2910
 C0:6C31H         LINE#         2911
 C0:6C31H         LINE#         2912
 C0:6C31H         LINE#         2913
 C0:6C37H         LINE#         2915
 C0:6C38H         LINE#         2916
 C0:6C38H         LINE#         2917
 C0:6C38H         LINE#         2919
 C0:6C38H         LINE#         2934
 C0:6C38H         LINE#         2969
 C0:6C38H         LINE#         2972
 C0:6C47H         LINE#         2973
 C0:6C47H         LINE#         2974
 C0:6C47H         LINE#         2975
 C0:6C4CH         LINE#         2976
 C0:6C53H         LINE#         2977
 C0:6C53H         LINE#         2978
 C0:6C53H         LINE#         2981
BL51 BANKED LINKER/LOCATER V6.22                                                      07/03/2017  18:41:28  PAGE 142


 C0:6C53H         LINE#         2986
  -------         ENDPROC       MSPM_WAITINGEVENT
 C0:5512H         SYMBOL        L?0655

  -------         PROC BANK=0   MSPM_HANDLER
  -------         DO            
  D:0070H         SYMBOL        ucPrevStatus
  -------         ENDDO         
 C0:543CH         LINE#         2999
 C0:543CH         LINE#         3000
 C0:543CH         LINE#         3004
 C0:5445H         LINE#         3005
 C0:5445H         LINE#         3006
 C0:5447H         LINE#         3008
 C0:5447H         LINE#         3010
 C0:545BH         LINE#         3011
 C0:545BH         LINE#         3012
 C0:545BH         LINE#         3016
 C0:545EH         LINE#         3017
 C0:5465H         LINE#         3018
 C0:5468H         LINE#         3020
 C0:546EH         LINE#         3028
 C0:546FH         LINE#         3030
 C0:546FH         LINE#         3031
 C0:5472H         LINE#         3033
 C0:5478H         LINE#         3034
 C0:5478H         LINE#         3036
 C0:547EH         LINE#         3038
 C0:547FH         LINE#         3040
 C0:547FH         LINE#         3042
 C0:5484H         LINE#         3043
 C0:5484H         LINE#         3044
 C0:5485H         LINE#         3046
 C0:5485H         LINE#         3047
 C0:548BH         LINE#         3053
 C0:5494H         LINE#         3054
 C0:5497H         LINE#         3055
 C0:54A0H         LINE#         3056
 C0:54A3H         LINE#         3058
 C0:54A6H         LINE#         3059
 C0:54A9H         LINE#         3061
 C0:54ACH         LINE#         3063
 C0:54AFH         LINE#         3065
 C0:54BCH         LINE#         3066
 C0:54C9H         LINE#         3067
 C0:54CCH         LINE#         3068
 C0:54CFH         LINE#         3069
 C0:54D4H         LINE#         3070
 C0:54DAH         LINE#         3071
 C0:54E0H         LINE#         3072
 C0:54E5H         LINE#         3073
 C0:54E5H         LINE#         3075
 C0:54E5H         LINE#         3076
 C0:54F1H         LINE#         3077
 C0:54F1H         LINE#         3079
 C0:54FCH         LINE#         3080
 C0:54FFH         LINE#         3084
BL51 BANKED LINKER/LOCATER V6.22                                                      07/03/2017  18:41:28  PAGE 143


 C0:54FFH         LINE#         3085
 C0:550BH         LINE#         3086
 C0:550BH         LINE#         3087
 C0:550EH         LINE#         3091
 C0:550EH         LINE#         3093
 C0:550EH         LINE#         3094
 C0:5511H         LINE#         3095
 C0:5511H         LINE#         3096
 C0:5511H         LINE#         3098
 C0:5511H         LINE#         3099
 C0:5511H         LINE#         3100
 C0:5511H         LINE#         3101
  -------         ENDPROC       MSPM_HANDLER

  -------         PROC BANK=0   PMDUMMY
  -------         DO            
  D:002EH         SYMBOL        temp
  -------         ENDDO         
 C0:7C66H         LINE#         3102
 C0:7C66H         LINE#         3103
 C0:7C66H         LINE#         3105
 C0:7C6BH         LINE#         3106
 C0:7C6EH         LINE#         3107
 C0:7C71H         LINE#         3108
 C0:7C78H         LINE#         3110
 C0:7C7BH         LINE#         3111
 C0:7C7EH         LINE#         3112
 C0:7C81H         LINE#         3113
 C0:7C84H         LINE#         3114
  -------         ENDPROC       PMDUMMY
  -------         ENDMOD        DRVPM

  -------         MODULE        ?C?CLDPTR
  C:0CF5H         PUBLIC        ?C?CLDPTR
  -------         ENDMOD        ?C?CLDPTR

  -------         MODULE        ?C?CLDOPTR
  C:0D0EH         PUBLIC        ?C?CLDOPTR
  -------         ENDMOD        ?C?CLDOPTR

  -------         MODULE        ?C?CSTPTR
  C:0D3BH         PUBLIC        ?C?CSTPTR
  -------         ENDMOD        ?C?CSTPTR

  -------         MODULE        ?C?CSTOPTR
  C:0D4DH         PUBLIC        ?C?CSTOPTR
  -------         ENDMOD        ?C?CSTOPTR

  -------         MODULE        ?C?IMUL
  C:0D6FH         PUBLIC        ?C?IMUL
  -------         ENDMOD        ?C?IMUL

  -------         MODULE        ?C?UIDIV
  C:0D81H         PUBLIC        ?C?UIDIV
  -------         ENDMOD        ?C?UIDIV

  -------         MODULE        ?C?IILDX
BL51 BANKED LINKER/LOCATER V6.22                                                      07/03/2017  18:41:28  PAGE 144


  C:0DD6H         PUBLIC        ?C?IILDX
  -------         ENDMOD        ?C?IILDX

  -------         MODULE        ?C?LMUL
  C:0DECH         PUBLIC        ?C?LMUL
  -------         ENDMOD        ?C?LMUL

  -------         MODULE        ?C?ULDIV
  C:0E77H         PUBLIC        ?C?ULDIV
  -------         ENDMOD        ?C?ULDIV

  -------         MODULE        ?C?ULCMP
  C:0F09H         PUBLIC        ?C?ULCMP
  -------         ENDMOD        ?C?ULCMP

  -------         MODULE        ?C?ULSHR
  C:0F1AH         PUBLIC        ?C?ULSHR
  -------         ENDMOD        ?C?ULSHR

  -------         MODULE        ?C?LSHL
  C:0F2DH         PUBLIC        ?C?LSHL
  -------         ENDMOD        ?C?LSHL

  -------         MODULE        ?C?LLDIDATA
  C:0F40H         PUBLIC        ?C?LLDIDATA
  -------         ENDMOD        ?C?LLDIDATA

  -------         MODULE        ?C?LLDCODE
  C:0F4CH         PUBLIC        ?C?LLDCODE
  -------         ENDMOD        ?C?LLDCODE

  -------         MODULE        ?C?LLDIDATA0
  C:0F5CH         PUBLIC        ?C?LLDIDATA0
  -------         ENDMOD        ?C?LLDIDATA0

  -------         MODULE        ?C?LSTIDATA
  C:0F69H         PUBLIC        ?C?LSTIDATA
  -------         ENDMOD        ?C?LSTIDATA

  -------         MODULE        ?C?LSTXDATA
  C:0F75H         PUBLIC        ?C?LSTXDATA
  -------         ENDMOD        ?C?LSTXDATA

  -------         MODULE        ?C?LSTKIDATA
  C:0F81H         PUBLIC        ?C?LSTKIDATA
  -------         ENDMOD        ?C?LSTKIDATA

  -------         MODULE        ?C?LSTKXDATA
  C:0F9AH         PUBLIC        ?C?LSTKXDATA
  -------         ENDMOD        ?C?LSTKXDATA

  -------         MODULE        ?C_XBP
  D:0072H         PUBLIC        ?C_XBP
  -------         ENDMOD        ?C_XBP

  -------         MODULE        ABS
  C:1F5BH         PUBLIC        _ABS
BL51 BANKED LINKER/LOCATER V6.22                                                      07/03/2017  18:41:28  PAGE 145


  -------         ENDMOD        ABS

*** WARNING L16: UNCALLED SEGMENT, IGNORED FOR OVERLAY PROCESS
    SEGMENT: ?PR?_MDRV_MHL_SETPOWERSTATUS?MDRV_MHL

*** WARNING L16: UNCALLED SEGMENT, IGNORED FOR OVERLAY PROCESS
    SEGMENT: ?PR?_MDRV_MHL_CBUSWAKEUPDETECT?MDRV_MHL

Program Size: data=133.4 xdata=4284 code=32670
LINK/LOCATE RUN COMPLETE.  2 WARNING(S),  0 ERROR(S)
